Archive member included to satisfy reference by file (symbol)

E:/Programy/STM32CubeIDE_1.13.2/STM32CubeIDE/plugins/com.st.stm32cube.ide.mcu.externaltools.gnu-tools-for-stm32.12.3.rel1.win32_1.0.100.202403111256/tools/bin/../lib/gcc/arm-none-eabi/12.3.1/../../../../arm-none-eabi/lib/thumb/v6-m/nofp\libc_nano.a(libc_a-atoi.o)
                              ./Core/Src/main.o (atoi)
E:/Programy/STM32CubeIDE_1.13.2/STM32CubeIDE/plugins/com.st.stm32cube.ide.mcu.externaltools.gnu-tools-for-stm32.12.3.rel1.win32_1.0.100.202403111256/tools/bin/../lib/gcc/arm-none-eabi/12.3.1/../../../../arm-none-eabi/lib/thumb/v6-m/nofp\libc_nano.a(libc_a-exit.o)
                              E:/Programy/STM32CubeIDE_1.13.2/STM32CubeIDE/plugins/com.st.stm32cube.ide.mcu.externaltools.gnu-tools-for-stm32.12.3.rel1.win32_1.0.100.202403111256/tools/bin/../lib/gcc/arm-none-eabi/12.3.1/../../../../arm-none-eabi/lib/thumb/v6-m/nofp/crt0.o (exit)
E:/Programy/STM32CubeIDE_1.13.2/STM32CubeIDE/plugins/com.st.stm32cube.ide.mcu.externaltools.gnu-tools-for-stm32.12.3.rel1.win32_1.0.100.202403111256/tools/bin/../lib/gcc/arm-none-eabi/12.3.1/../../../../arm-none-eabi/lib/thumb/v6-m/nofp\libc_nano.a(libc_a-strtol.o)
                              E:/Programy/STM32CubeIDE_1.13.2/STM32CubeIDE/plugins/com.st.stm32cube.ide.mcu.externaltools.gnu-tools-for-stm32.12.3.rel1.win32_1.0.100.202403111256/tools/bin/../lib/gcc/arm-none-eabi/12.3.1/../../../../arm-none-eabi/lib/thumb/v6-m/nofp\libc_nano.a(libc_a-atoi.o) (_strtol_r)
E:/Programy/STM32CubeIDE_1.13.2/STM32CubeIDE/plugins/com.st.stm32cube.ide.mcu.externaltools.gnu-tools-for-stm32.12.3.rel1.win32_1.0.100.202403111256/tools/bin/../lib/gcc/arm-none-eabi/12.3.1/../../../../arm-none-eabi/lib/thumb/v6-m/nofp\libc_nano.a(libc_a-ctype_.o)
                              E:/Programy/STM32CubeIDE_1.13.2/STM32CubeIDE/plugins/com.st.stm32cube.ide.mcu.externaltools.gnu-tools-for-stm32.12.3.rel1.win32_1.0.100.202403111256/tools/bin/../lib/gcc/arm-none-eabi/12.3.1/../../../../arm-none-eabi/lib/thumb/v6-m/nofp\libc_nano.a(libc_a-strtol.o) (_ctype_)
E:/Programy/STM32CubeIDE_1.13.2/STM32CubeIDE/plugins/com.st.stm32cube.ide.mcu.externaltools.gnu-tools-for-stm32.12.3.rel1.win32_1.0.100.202403111256/tools/bin/../lib/gcc/arm-none-eabi/12.3.1/../../../../arm-none-eabi/lib/thumb/v6-m/nofp\libc_nano.a(libc_a-findfp.o)
                              E:/Programy/STM32CubeIDE_1.13.2/STM32CubeIDE/plugins/com.st.stm32cube.ide.mcu.externaltools.gnu-tools-for-stm32.12.3.rel1.win32_1.0.100.202403111256/tools/bin/../lib/gcc/arm-none-eabi/12.3.1/../../../../arm-none-eabi/lib/thumb/v6-m/nofp\libc_nano.a(libc_a-exit.o) (__stdio_exit_handler)
E:/Programy/STM32CubeIDE_1.13.2/STM32CubeIDE/plugins/com.st.stm32cube.ide.mcu.externaltools.gnu-tools-for-stm32.12.3.rel1.win32_1.0.100.202403111256/tools/bin/../lib/gcc/arm-none-eabi/12.3.1/../../../../arm-none-eabi/lib/thumb/v6-m/nofp\libc_nano.a(libc_a-fwalk.o)
                              E:/Programy/STM32CubeIDE_1.13.2/STM32CubeIDE/plugins/com.st.stm32cube.ide.mcu.externaltools.gnu-tools-for-stm32.12.3.rel1.win32_1.0.100.202403111256/tools/bin/../lib/gcc/arm-none-eabi/12.3.1/../../../../arm-none-eabi/lib/thumb/v6-m/nofp\libc_nano.a(libc_a-findfp.o) (_fwalk_sglue)
E:/Programy/STM32CubeIDE_1.13.2/STM32CubeIDE/plugins/com.st.stm32cube.ide.mcu.externaltools.gnu-tools-for-stm32.12.3.rel1.win32_1.0.100.202403111256/tools/bin/../lib/gcc/arm-none-eabi/12.3.1/../../../../arm-none-eabi/lib/thumb/v6-m/nofp\libc_nano.a(libc_a-printf.o)
                              ./Core/Src/main.o (printf)
E:/Programy/STM32CubeIDE_1.13.2/STM32CubeIDE/plugins/com.st.stm32cube.ide.mcu.externaltools.gnu-tools-for-stm32.12.3.rel1.win32_1.0.100.202403111256/tools/bin/../lib/gcc/arm-none-eabi/12.3.1/../../../../arm-none-eabi/lib/thumb/v6-m/nofp\libc_nano.a(libc_a-stdio.o)
                              E:/Programy/STM32CubeIDE_1.13.2/STM32CubeIDE/plugins/com.st.stm32cube.ide.mcu.externaltools.gnu-tools-for-stm32.12.3.rel1.win32_1.0.100.202403111256/tools/bin/../lib/gcc/arm-none-eabi/12.3.1/../../../../arm-none-eabi/lib/thumb/v6-m/nofp\libc_nano.a(libc_a-findfp.o) (__sread)
E:/Programy/STM32CubeIDE_1.13.2/STM32CubeIDE/plugins/com.st.stm32cube.ide.mcu.externaltools.gnu-tools-for-stm32.12.3.rel1.win32_1.0.100.202403111256/tools/bin/../lib/gcc/arm-none-eabi/12.3.1/../../../../arm-none-eabi/lib/thumb/v6-m/nofp\libc_nano.a(libc_a-memset.o)
                              E:/Programy/STM32CubeIDE_1.13.2/STM32CubeIDE/plugins/com.st.stm32cube.ide.mcu.externaltools.gnu-tools-for-stm32.12.3.rel1.win32_1.0.100.202403111256/tools/bin/../lib/gcc/arm-none-eabi/12.3.1/../../../../arm-none-eabi/lib/thumb/v6-m/nofp/crt0.o (memset)
E:/Programy/STM32CubeIDE_1.13.2/STM32CubeIDE/plugins/com.st.stm32cube.ide.mcu.externaltools.gnu-tools-for-stm32.12.3.rel1.win32_1.0.100.202403111256/tools/bin/../lib/gcc/arm-none-eabi/12.3.1/../../../../arm-none-eabi/lib/thumb/v6-m/nofp\libc_nano.a(libc_a-closer.o)
[...]
Memory Configuration

Name             Origin             Length             Attributes
RAM              0x20000000         0x00002000         xrw
FLASH            0x08000000         0x00008000         xr
*default*        0x00000000         0xffffffff

Linker script and memory map

LOAD E:/Programy/STM32CubeIDE_1.13.2/STM32CubeIDE/plugins/com.st.stm32cube.ide.mcu.externaltools.gnu-tools-for-stm32.12.3.rel1.win32_1.0.100.202403111256/tools/bin/../lib/gcc/arm-none-eabi/12.3.1/thumb/v6-m/nofp/crti.o
LOAD E:/Programy/STM32CubeIDE_1.13.2/STM32CubeIDE/plugins/com.st.stm32cube.ide.mcu.externaltools.gnu-tools-for-stm32.12.3.rel1.win32_1.0.100.202403111256/tools/bin/../lib/gcc/arm-none-eabi/12.3.1/thumb/v6-m/nofp/crtbegin.o
LOAD E:/Programy/STM32CubeIDE_1.13.2/STM32CubeIDE/plugins/com.st.stm32cube.ide.mcu.externaltools.gnu-tools-for-stm32.12.3.rel1.win32_1.0.100.202403111256/tools/bin/../lib/gcc/arm-none-eabi/12.3.1/../../../../arm-none-eabi/lib/thumb/v6-m/nofp/crt0.o
LOAD ./Core/Src/Dot.o
LOAD ./Core/Src/LedDriver.o
LOAD ./Core/Src/Matrix.o
LOAD ./Core/Src/main.o
LOAD ./Core/Src/stm32g0xx_hal_msp.o
LOAD ./Core/Src/stm32g0xx_it.o
LOAD ./Core/Src/syscalls.o
LOAD ./Core/Src/sysmem.o
LOAD ./Core/Src/system_stm32g0xx.o
LOAD ./Core/Startup/startup_stm32g030f6px.o
LOAD ./Drivers/STM32G0xx_HAL_Driver/Src/stm32g0xx_hal.o
LOAD ./Drivers/STM32G0xx_HAL_Driver/Src/stm32g0xx_hal_cortex.o
LOAD ./Drivers/STM32G0xx_HAL_Driver/Src/stm32g0xx_hal_dma.o
LOAD ./Drivers/STM32G0xx_HAL_Driver/Src/stm32g0xx_hal_dma_ex.o
LOAD ./Drivers/STM32G0xx_HAL_Driver/Src/stm32g0xx_hal_exti.o
LOAD ./Drivers/STM32G0xx_HAL_Driver/Src/stm32g0xx_hal_flash.o
LOAD ./Drivers/STM32G0xx_HAL_Driver/Src/stm32g0xx_hal_flash_ex.o
LOAD ./Drivers/STM32G0xx_HAL_Driver/Src/stm32g0xx_hal_gpio.o
LOAD ./Drivers/STM32G0xx_HAL_Driver/Src/stm32g0xx_hal_i2c.o
LOAD ./Drivers/STM32G0xx_HAL_Driver/Src/stm32g0xx_hal_i2c_ex.o
LOAD ./Drivers/STM32G0xx_HAL_Driver/Src/stm32g0xx_hal_pwr.o
LOAD ./Drivers/STM32G0xx_HAL_Driver/Src/stm32g0xx_hal_pwr_ex.o
LOAD ./Drivers/STM32G0xx_HAL_Driver/Src/stm32g0xx_hal_rcc.o
LOAD ./Drivers/STM32G0xx_HAL_Driver/Src/stm32g0xx_hal_rcc_ex.o
LOAD ./Drivers/STM32G0xx_HAL_Driver/Src/stm32g0xx_hal_spi.o
LOAD ./Drivers/STM32G0xx_HAL_Driver/Src/stm32g0xx_hal_spi_ex.o
LOAD ./Drivers/STM32G0xx_HAL_Driver/Src/stm32g0xx_hal_tim.o
LOAD ./Drivers/STM32G0xx_HAL_Driver/Src/stm32g0xx_hal_tim_ex.o
LOAD ./Drivers/STM32G0xx_HAL_Driver/Src/stm32g0xx_hal_uart.o
LOAD ./Drivers/STM32G0xx_HAL_Driver/Src/stm32g0xx_hal_uart_ex.o
LOAD ./Drivers/STM32G0xx_HAL_Driver/Src/stm32g0xx_ll_dma.o
LOAD ./Drivers/STM32G0xx_HAL_Driver/Src/stm32g0xx_ll_rcc.o
START GROUP
LOAD E:/Programy/STM32CubeIDE_1.13.2/STM32CubeIDE/plugins/com.st.stm32cube.ide.mcu.externaltools.gnu-tools-for-stm32.12.3.rel1.win32_1.0.100.202403111256/tools/bin/../lib/gcc/arm-none-eabi/12.3.1/../../../../arm-none-eabi/lib/thumb/v6-m/nofp\libstdc++_nano.a
LOAD E:/Programy/STM32CubeIDE_1.13.2/STM32CubeIDE/plugins/com.st.stm32cube.ide.mcu.externaltools.gnu-tools-for-stm32.12.3.rel1.win32_1.0.100.202403111256/tools/bin/../lib/gcc/arm-none-eabi/12.3.1/../../../../arm-none-eabi/lib/thumb/v6-m/nofp\libsupc++_nano.a
END GROUP
LOAD E:/Programy/STM32CubeIDE_1.13.2/STM32CubeIDE/plugins/com.st.stm32cube.ide.mcu.externaltools.gnu-tools-for-stm32.12.3.rel1.win32_1.0.100.202403111256/tools/bin/../lib/gcc/arm-none-eabi/12.3.1/../../../../arm-none-eabi/lib/thumb/v6-m/nofp\libstdc++_nano.a
LOAD E:/Programy/STM32CubeIDE_1.13.2/STM32CubeIDE/plugins/com.st.stm32cube.ide.mcu.externaltools.gnu-tools-for-stm32.12.3.rel1.win32_1.0.100.202403111256/tools/bin/../lib/gcc/arm-none-eabi/12.3.1/../../../../arm-none-eabi/lib/thumb/v6-m/nofp\libm.a
LOAD E:/Programy/STM32CubeIDE_1.13.2/STM32CubeIDE/plugins/com.st.stm32cube.ide.mcu.externaltools.gnu-tools-for-stm32.12.3.rel1.win32_1.0.100.202403111256/tools/bin/../lib/gcc/arm-none-eabi/12.3.1/../../../../arm-none-eabi/lib/thumb/v6-m/nofp\libc_nano.a
START GROUP
LOAD E:/Programy/STM32CubeIDE_1.13.2/STM32CubeIDE/plugins/com.st.stm32cube.ide.mcu.externaltools.gnu-tools-for-stm32.12.3.rel1.win32_1.0.100.202403111256/tools/bin/../lib/gcc/arm-none-eabi/12.3.1/thumb/v6-m/nofp\libgcc.a
LOAD E:/Programy/STM32CubeIDE_1.13.2/STM32CubeIDE/plugins/com.st.stm32cube.ide.mcu.externaltools.gnu-tools-for-stm32.12.3.rel1.win32_1.0.100.202403111256/tools/bin/../lib/gcc/arm-none-eabi/12.3.1/../../../../arm-none-eabi/lib/thumb/v6-m/nofp\libc_nano.a
END GROUP
START GROUP
LOAD E:/Programy/STM32CubeIDE_1.13.2/STM32CubeIDE/plugins/com.st.stm32cube.ide.mcu.externaltools.gnu-tools-for-stm32.12.3.rel1.win32_1.0.100.202403111256/tools/bin/../lib/gcc/arm-none-eabi/12.3.1/thumb/v6-m/nofp\libgcc.a
LOAD E:/Programy/STM32CubeIDE_1.13.2/STM32CubeIDE/plugins/com.st.stm32cube.ide.mcu.externaltools.gnu-tools-for-stm32.12.3.rel1.win32_1.0.100.202403111256/tools/bin/../lib/gcc/arm-none-eabi/12.3.1/../../../../arm-none-eabi/lib/thumb/v6-m/nofp\libc_nano.a
LOAD E:/Programy/STM32CubeIDE_1.13.2/STM32CubeIDE/plugins/com.st.stm32cube.ide.mcu.externaltools.gnu-tools-for-stm32.12.3.rel1.win32_1.0.100.202403111256/tools/bin/../lib/gcc/arm-none-eabi/12.3.1/../../../../arm-none-eabi/lib/thumb/v6-m/nofp\libnosys.a
END GROUP
START GROUP
LOAD E:/Programy/STM32CubeIDE_1.13.2/STM32CubeIDE/plugins/com.st.stm32cube.ide.mcu.externaltools.gnu-tools-for-stm32.12.3.rel1.win32_1.0.100.202403111256/tools/bin/../lib/gcc/arm-none-eabi/12.3.1/thumb/v6-m/nofp\libgcc.a
LOAD E:/Programy/STM32CubeIDE_1.13.2/STM32CubeIDE/plugins/com.st.stm32cube.ide.mcu.externaltools.gnu-tools-for-stm32.12.3.rel1.win32_1.0.100.202403111256/tools/bin/../lib/gcc/arm-none-eabi/12.3.1/../../../../arm-none-eabi/lib/thumb/v6-m/nofp\libc_nano.a
LOAD E:/Programy/STM32CubeIDE_1.13.2/STM32CubeIDE/plugins/com.st.stm32cube.ide.mcu.externaltools.gnu-tools-for-stm32.12.3.rel1.win32_1.0.100.202403111256/tools/bin/../lib/gcc/arm-none-eabi/12.3.1/../../../../arm-none-eabi/lib/thumb/v6-m/nofp\libnosys.a
END GROUP
LOAD E:/Programy/STM32CubeIDE_1.13.2/STM32CubeIDE/plugins/com.st.stm32cube.ide.mcu.externaltools.gnu-tools-for-stm32.12.3.rel1.win32_1.0.100.202403111256/tools/bin/../lib/gcc/arm-none-eabi/12.3.1/thumb/v6-m/nofp/crtend.o
LOAD E:/Programy/STM32CubeIDE_1.13.2/STM32CubeIDE/plugins/com.st.stm32cube.ide.mcu.externaltools.gnu-tools-for-stm32.12.3.rel1.win32_1.0.100.202403111256/tools/bin/../lib/gcc/arm-none-eabi/12.3.1/thumb/v6-m/nofp/crtn.o
                0x20002000                        _estack = (ORIGIN (RAM) + LENGTH (RAM))
                0x00000200                        _Min_Heap_Size = 0x200
                0x00000400                        _Min_Stack_Size = 0x400

.isr_vector     0x08000000       0xb8
                0x08000000                        . = ALIGN (0x4)
 *(.isr_vector)
 .isr_vector    0x08000000       0xb8 ./Core/Startup/startup_stm32g030f6px.o
                0x08000000                g_pfnVectors
                0x080000b8                        . = ALIGN (0x4)

.text           0x080000b8     0x53b4
                0x080000b8                        . = ALIGN (0x4)
 *(.text)
 .text          0x080000b8       0x48 E:/Programy/STM32CubeIDE_1.13.2/STM32CubeIDE/plugins/com.st.stm32cube.ide.mcu.externaltools.gnu-tools-for-stm32.12.3.rel1.win32_1.0.100.202403111256/tools/bin/../lib/gcc/arm-none-eabi/12.3.1/thumb/v6-m/nofp/crtbegin.o
 .text          0x08000100       0x14 E:/Programy/STM32CubeIDE_1.13.2/STM32CubeIDE/plugins/com.st.stm32cube.ide.mcu.externaltools.gnu-tools-for-stm32.12.3.rel1.win32_1.0.100.202403111256/tools/bin/../lib/gcc/arm-none-eabi/12.3.1/../../../../arm-none-eabi/lib/thumb/v6-m/nofp\libc_nano.a(libc_a-strcmp.o)
                0x08000100                strcmp
 .text          0x08000114       0x14 E:/Programy/STM32CubeIDE_1.13.2/STM32CubeIDE/plugins/com.st.stm32cube.ide.mcu.externaltools.gnu-tools-for-stm32.12.3.rel1.win32_1.0.100.202403111256/tools/bin/../lib/gcc/arm-none-eabi/12.3.1/thumb/v6-m/nofp\libgcc.a(_thumb1_case_shi.o)
                0x08000114                __gnu_thumb1_case_shi
 .text          0x08000128      0x114 E:/Programy/STM32CubeIDE_1.13.2/STM32CubeIDE/plugins/com.st.stm32cube.ide.mcu.externaltools.gnu-tools-for-stm32.12.3.rel1.win32_1.0.100.202403111256/tools/bin/../lib/gcc/arm-none-eabi/12.3.1/thumb/v6-m/nofp\libgcc.a(_udivsi3.o)
                0x08000128                __aeabi_uidiv
                0x08000128                __udivsi3
                0x08000234                __aeabi_uidivmod
 .text          0x0800023c        0x4 E:/Programy/STM32CubeIDE_1.13.2/STM32CubeIDE/plugins/com.st.stm32cube.ide.mcu.externaltools.gnu-tools-for-stm32.12.3.rel1.win32_1.0.100.202403111256/tools/bin/../lib/gcc/arm-none-eabi/12.3.1/thumb/v6-m/nofp\libgcc.a(_dvmd_tls.o)
                0x0800023c                __aeabi_idiv0
                0x0800023c                __aeabi_ldiv0
 *(.text*)
 .text.Dot_init
                0x08000240       0x24 ./Core/Src/Dot.o
                0x08000240                Dot_init
 .text.Dot_turn_on
                0x08000264       0x38 ./Core/Src/Dot.o
                0x08000264                Dot_turn_on
 .text.Dot_turn_off
                0x0800029c       0x38 ./Core/Src/Dot.o
                0x0800029c                Dot_turn_off
 .text.Dot_update_state
                0x080002d4       0x30 ./Core/Src/Dot.o
                0x080002d4                Dot_update_state
 .text.IS_IIC_WriteByte
                0x08000304       0x54 ./Core/Src/LedDriver.o
                0x08000304                IS_IIC_WriteByte
 .text.IS31FL3733B_Init
                0x08000358       0xf0 ./Core/Src/LedDriver.o
                0x08000358                IS31FL3733B_Init
 .text.Matrix_init
                0x08000448       0x72 ./Core/Src/Matrix.o
                0x08000448                Matrix_init
 .text.Matrix_clear
                0x080004ba       0x4e ./Core/Src/Matrix.o
                0x080004ba                Matrix_clear
 .text.Matrix_set_digit
                0x08000508       0xa8 ./Core/Src/Matrix.o
                0x08000508                Matrix_set_digit
 .text.InitializeMatrix
                0x080005b0      0x120 ./Core/Src/main.o
                0x080005b0                InitializeMatrix
 .text.InitializeCommand
                0x080006d0       0x24 ./Core/Src/main.o
                0x080006d0                InitializeCommand
 .text.HandleDataCommand
                0x080006f4       0xc0 ./Core/Src/main.o
                0x080006f4                HandleDataCommand
 .text.ProcessData
                0x080007b4      0x148 ./Core/Src/main.o
                0x080007b4                ProcessData
 .text.main     0x080008fc       0x4c ./Core/Src/main.o
                0x080008fc                main
 .text.SystemClock_Config
                0x08000948       0xb4 ./Core/Src/main.o
                0x08000948                SystemClock_Config
 .text.MX_I2C1_Init
                0x080009fc       0x80 ./Core/Src/main.o
 .text.MX_I2C2_Init
                0x08000a7c       0x80 ./Core/Src/main.o
 .text.MX_SPI1_Init
                0x08000afc       0x74 ./Core/Src/main.o
 .text.MX_USART2_UART_Init
                0x08000b70       0x68 ./Core/Src/main.o
 .text.MX_GPIO_Init
                0x08000bd8       0xa8 ./Core/Src/main.o
 .text.HAL_SPI_RxCpltCallback
                0x08000c80       0xd0 ./Core/Src/main.o
                0x08000c80                HAL_SPI_RxCpltCallback
 .text.Error_Handler
                0x08000d50        0xc ./Core/Src/main.o
                0x08000d50                Error_Handler
 .text.HAL_MspInit
                0x08000d5c       0x48 ./Core/Src/stm32g0xx_hal_msp.o
                0x08000d5c                HAL_MspInit
 .text.HAL_I2C_MspInit
                0x08000da4      0x138 ./Core/Src/stm32g0xx_hal_msp.o
                0x08000da4                HAL_I2C_MspInit
 .text.HAL_SPI_MspInit
                0x08000edc       0xa4 ./Core/Src/stm32g0xx_hal_msp.o
                0x08000edc                HAL_SPI_MspInit
 .text.HAL_UART_MspInit
                0x08000f80       0x94 ./Core/Src/stm32g0xx_hal_msp.o
                0x08000f80                HAL_UART_MspInit
 .text.NMI_Handler
                0x08001014        0x8 ./Core/Src/stm32g0xx_it.o
                0x08001014                NMI_Handler
 .text.HardFault_Handler
                0x0800101c        0x8 ./Core/Src/stm32g0xx_it.o
                0x0800101c                HardFault_Handler
 .text.SVC_Handler
                0x08001024        0xa ./Core/Src/stm32g0xx_it.o
                0x08001024                SVC_Handler
 .text.PendSV_Handler
                0x0800102e        0xa ./Core/Src/stm32g0xx_it.o
                0x0800102e                PendSV_Handler
 .text.SysTick_Handler
                0x08001038        0xe ./Core/Src/stm32g0xx_it.o
                0x08001038                SysTick_Handler
 *fill*         0x08001046        0x2 
 .text.SPI1_IRQHandler
                0x08001048       0x18 ./Core/Src/stm32g0xx_it.o
                0x08001048                SPI1_IRQHandler
 .text._read    0x08001060       0x3a ./Core/Src/syscalls.o
                0x08001060                _read
 .text._write   0x0800109a       0x38 ./Core/Src/syscalls.o
                0x0800109a                _write
 .text._close   0x080010d2       0x14 ./Core/Src/syscalls.o
                0x080010d2                _close
 .text._fstat   0x080010e6       0x1c ./Core/Src/syscalls.o
                0x080010e6                _fstat
 .text._isatty  0x08001102       0x12 ./Core/Src/syscalls.o
                0x08001102                _isatty
 .text._lseek   0x08001114       0x16 ./Core/Src/syscalls.o
                0x08001114                _lseek
 *fill*         0x0800112a        0x2 
 .text._sbrk    0x0800112c       0x6c ./Core/Src/sysmem.o
                0x0800112c                _sbrk
 .text.SystemInit
                0x08001198        0xa ./Core/Src/system_stm32g0xx.o
                0x08001198                SystemInit
 *fill*         0x080011a2        0x2 
 .text.Reset_Handler
                0x080011a4       0x50 ./Core/Startup/startup_stm32g030f6px.o
                0x080011a4                Reset_Handler
 .text.Default_Handler
                0x080011f4        0x2 ./Core/Startup/startup_stm32g030f6px.o
                0x080011f4                TIM1_CC_IRQHandler
                0x080011f4                I2C1_IRQHandler
                0x080011f4                RTC_TAMP_IRQHandler
                0x080011f4                DMA1_Ch4_5_DMAMUX1_OVR_IRQHandler
                0x080011f4                EXTI2_3_IRQHandler
                0x080011f4                ADC1_IRQHandler
                0x080011f4                I2C2_IRQHandler
                0x080011f4                TIM17_IRQHandler
                0x080011f4                TIM16_IRQHandler
                0x080011f4                TIM3_IRQHandler
                0x080011f4                EXTI4_15_IRQHandler
                0x080011f4                RCC_IRQHandler
                0x080011f4                DMA1_Channel1_IRQHandler
                0x080011f4                Default_Handler
                0x080011f4                TIM14_IRQHandler
                0x080011f4                EXTI0_1_IRQHandler
                0x080011f4                SPI2_IRQHandler
                0x080011f4                WWDG_IRQHandler
                0x080011f4                DMA1_Channel2_3_IRQHandler
                0x080011f4                USART2_IRQHandler
                0x080011f4                FLASH_IRQHandler
                0x080011f4                USART1_IRQHandler
                0x080011f4                TIM1_BRK_UP_TRG_COM_IRQHandler
 *fill*         0x080011f6        0x2 
 .text.HAL_Init
                0x080011f8       0x40 ./Drivers/STM32G0xx_HAL_Driver/Src/stm32g0xx_hal.o
                0x080011f8                HAL_Init
 .text.HAL_InitTick
                0x08001238       0x94 ./Drivers/STM32G0xx_HAL_Driver/Src/stm32g0xx_hal.o
                0x08001238                HAL_InitTick
 .text.HAL_IncTick
                0x080012cc       0x24 ./Drivers/STM32G0xx_HAL_Driver/Src/stm32g0xx_hal.o
                0x080012cc                HAL_IncTick
 .text.HAL_GetTick
                0x080012f0       0x14 ./Drivers/STM32G0xx_HAL_Driver/Src/stm32g0xx_hal.o
                0x080012f0                HAL_GetTick
 .text.HAL_Delay
                0x08001304       0x48 ./Drivers/STM32G0xx_HAL_Driver/Src/stm32g0xx_hal.o
                0x08001304                HAL_Delay
 .text.__NVIC_EnableIRQ
                0x0800134c       0x34 ./Drivers/STM32G0xx_HAL_Driver/Src/stm32g0xx_hal_cortex.o
 .text.__NVIC_SetPriority
                0x08001380       0xdc ./Drivers/STM32G0xx_HAL_Driver/Src/stm32g0xx_hal_cortex.o
 .text.SysTick_Config
                0x0800145c       0x48 ./Drivers/STM32G0xx_HAL_Driver/Src/stm32g0xx_hal_cortex.o
 .text.HAL_NVIC_SetPriority
                0x080014a4       0x2a ./Drivers/STM32G0xx_HAL_Driver/Src/stm32g0xx_hal_cortex.o
                0x080014a4                HAL_NVIC_SetPriority
 .text.HAL_NVIC_EnableIRQ
                0x080014ce       0x20 ./Drivers/STM32G0xx_HAL_Driver/Src/stm32g0xx_hal_cortex.o
                0x080014ce                HAL_NVIC_EnableIRQ
 .text.HAL_SYSTICK_Config
                0x080014ee       0x1a ./Drivers/STM32G0xx_HAL_Driver/Src/stm32g0xx_hal_cortex.o
                0x080014ee                HAL_SYSTICK_Config
 .text.HAL_DMA_Abort_IT
                0x08001508       0xd4 ./Drivers/STM32G0xx_HAL_Driver/Src/stm32g0xx_hal_dma.o
                0x08001508                HAL_DMA_Abort_IT
 .text.HAL_GPIO_Init
                0x080015dc      0x2c8 ./Drivers/STM32G0xx_HAL_Driver/Src/stm32g0xx_hal_gpio.o
                0x080015dc                HAL_GPIO_Init
 .text.HAL_GPIO_WritePin
                0x080018a4       0x3a ./Drivers/STM32G0xx_HAL_Driver/Src/stm32g0xx_hal_gpio.o
                0x080018a4                HAL_GPIO_WritePin
 *fill*         0x080018de        0x2 
 .text.HAL_I2C_Init
                0x080018e0      0x14c ./Drivers/STM32G0xx_HAL_Driver/Src/stm32g0xx_hal_i2c.o
                0x080018e0                HAL_I2C_Init
 .text.HAL_I2C_Master_Transmit
                0x08001a2c      0x254 ./Drivers/STM32G0xx_HAL_Driver/Src/stm32g0xx_hal_i2c.o
                0x08001a2c                HAL_I2C_Master_Transmit
 .text.I2C_Flush_TXDR
                0x08001c80       0x44 ./Drivers/STM32G0xx_HAL_Driver/Src/stm32g0xx_hal_i2c.o
 .text.I2C_WaitOnFlagUntilTimeout
                0x08001cc4       0xb0 ./Drivers/STM32G0xx_HAL_Driver/Src/stm32g0xx_hal_i2c.o
 .text.I2C_WaitOnTXISFlagUntilTimeout
                0x08001d74       0x8c ./Drivers/STM32G0xx_HAL_Driver/Src/stm32g0xx_hal_i2c.o
 .text.I2C_WaitOnSTOPFlagUntilTimeout
                0x08001e00       0x86 ./Drivers/STM32G0xx_HAL_Driver/Src/stm32g0xx_hal_i2c.o
 *fill*         0x08001e86        0x2 
 .text.I2C_IsErrorOccurred
                0x08001e88      0x1f0 ./Drivers/STM32G0xx_HAL_Driver/Src/stm32g0xx_hal_i2c.o
 .text.I2C_TransferConfig
                0x08002078       0x74 ./Drivers/STM32G0xx_HAL_Driver/Src/stm32g0xx_hal_i2c.o
 .text.HAL_I2CEx_ConfigAnalogFilter
                0x080020ec       0x98 ./Drivers/STM32G0xx_HAL_Driver/Src/stm32g0xx_hal_i2c_ex.o
                0x080020ec                HAL_I2CEx_ConfigAnalogFilter
 .text.HAL_I2CEx_ConfigDigitalFilter
                0x08002184       0x98 ./Drivers/STM32G0xx_HAL_Driver/Src/stm32g0xx_hal_i2c_ex.o
                0x08002184                HAL_I2CEx_ConfigDigitalFilter
 .text.HAL_PWREx_ControlVoltageScaling
                0x0800221c       0x80 ./Drivers/STM32G0xx_HAL_Driver/Src/stm32g0xx_hal_pwr_ex.o
                0x0800221c                HAL_PWREx_ControlVoltageScaling
 .text.LL_RCC_GetAPB1Prescaler
                0x0800229c       0x18 ./Drivers/STM32G0xx_HAL_Driver/Src/stm32g0xx_hal_rcc.o
 .text.HAL_RCC_OscConfig
                0x080022b4      0x620 ./Drivers/STM32G0xx_HAL_Driver/Src/stm32g0xx_hal_rcc.o
                0x080022b4                HAL_RCC_OscConfig
 .text.HAL_RCC_ClockConfig
                0x080028d4      0x210 ./Drivers/STM32G0xx_HAL_Driver/Src/stm32g0xx_hal_rcc.o
                0x080028d4                HAL_RCC_ClockConfig
 .text.HAL_RCC_GetSysClockFreq
                0x08002ae4      0x104 ./Drivers/STM32G0xx_HAL_Driver/Src/stm32g0xx_hal_rcc.o
                0x08002ae4                HAL_RCC_GetSysClockFreq
 .text.HAL_RCC_GetHCLKFreq
                0x08002be8       0x14 ./Drivers/STM32G0xx_HAL_Driver/Src/stm32g0xx_hal_rcc.o
                0x08002be8                HAL_RCC_GetHCLKFreq
 .text.HAL_RCC_GetPCLK1Freq
                0x08002bfc       0x2c ./Drivers/STM32G0xx_HAL_Driver/Src/stm32g0xx_hal_rcc.o
                0x08002bfc                HAL_RCC_GetPCLK1Freq
 .text.HAL_RCCEx_PeriphCLKConfig
                0x08002c28      0x24c ./Drivers/STM32G0xx_HAL_Driver/Src/stm32g0xx_hal_rcc_ex.o
                0x08002c28                HAL_RCCEx_PeriphCLKConfig
 .text.HAL_SPI_Init
                0x08002e74      0x170 ./Drivers/STM32G0xx_HAL_Driver/Src/stm32g0xx_hal_spi.o
                0x08002e74                HAL_SPI_Init
 .text.HAL_SPI_Receive_IT
                0x08002fe4      0x184 ./Drivers/STM32G0xx_HAL_Driver/Src/stm32g0xx_hal_spi.o
                0x08002fe4                HAL_SPI_Receive_IT
 .text.HAL_SPI_TransmitReceive_IT
                0x08003168      0x190 ./Drivers/STM32G0xx_HAL_Driver/Src/stm32g0xx_hal_spi.o
                0x08003168                HAL_SPI_TransmitReceive_IT
 .text.HAL_SPI_IRQHandler
                0x080032f8      0x1d4 ./Drivers/STM32G0xx_HAL_Driver/Src/stm32g0xx_hal_spi.o
                0x080032f8                HAL_SPI_IRQHandler
 .text.HAL_SPI_TxRxCpltCallback
                0x080034cc       0x10 ./Drivers/STM32G0xx_HAL_Driver/Src/stm32g0xx_hal_spi.o
                0x080034cc                HAL_SPI_TxRxCpltCallback
 .text.HAL_SPI_ErrorCallback
                0x080034dc       0x10 ./Drivers/STM32G0xx_HAL_Driver/Src/stm32g0xx_hal_spi.o
                0x080034dc                HAL_SPI_ErrorCallback
 .text.SPI_DMAAbortOnError
                0x080034ec       0x2c ./Drivers/STM32G0xx_HAL_Driver/Src/stm32g0xx_hal_spi.o
 .text.SPI_2linesRxISR_8BIT
                0x08003518       0xc2 ./Drivers/STM32G0xx_HAL_Driver/Src/stm32g0xx_hal_spi.o
 .text.SPI_2linesTxISR_8BIT
                0x080035da       0x94 ./Drivers/STM32G0xx_HAL_Driver/Src/stm32g0xx_hal_spi.o
 .text.SPI_2linesRxISR_16BIT
                0x0800366e       0x68 ./Drivers/STM32G0xx_HAL_Driver/Src/stm32g0xx_hal_spi.o
 .text.SPI_2linesTxISR_16BIT
                0x080036d6       0x62 ./Drivers/STM32G0xx_HAL_Driver/Src/stm32g0xx_hal_spi.o
 .text.SPI_RxISR_8BIT
                0x08003738       0x52 ./Drivers/STM32G0xx_HAL_Driver/Src/stm32g0xx_hal_spi.o
 .text.SPI_RxISR_16BIT
                0x0800378a       0x4e ./Drivers/STM32G0xx_HAL_Driver/Src/stm32g0xx_hal_spi.o
 .text.SPI_WaitFlagStateUntilTimeout
                0x080037d8      0x11c ./Drivers/STM32G0xx_HAL_Driver/Src/stm32g0xx_hal_spi.o
 .text.SPI_WaitFifoStateUntilTimeout
                0x080038f4      0x144 ./Drivers/STM32G0xx_HAL_Driver/Src/stm32g0xx_hal_spi.o
 .text.SPI_EndRxTransaction
                0x08003a38       0xbc ./Drivers/STM32G0xx_HAL_Driver/Src/stm32g0xx_hal_spi.o
 .text.SPI_EndRxTxTransaction
                0x08003af4       0x8c ./Drivers/STM32G0xx_HAL_Driver/Src/stm32g0xx_hal_spi.o
 .text.SPI_CloseRxTx_ISR
                0x08003b80       0x8c ./Drivers/STM32G0xx_HAL_Driver/Src/stm32g0xx_hal_spi.o
 .text.SPI_CloseRx_ISR
                0x08003c0c       0x62 ./Drivers/STM32G0xx_HAL_Driver/Src/stm32g0xx_hal_spi.o
 *fill*         0x08003c6e        0x2 
 .text.HAL_UART_Init
                0x08003c70       0xac ./Drivers/STM32G0xx_HAL_Driver/Src/stm32g0xx_hal_uart.o
                0x08003c70                HAL_UART_Init
 .text.UART_SetConfig
                0x08003d1c      0x2d4 ./Drivers/STM32G0xx_HAL_Driver/Src/stm32g0xx_hal_uart.o
                0x08003d1c                UART_SetConfig
 .text.UART_AdvFeatureConfig
                0x08003ff0      0x168 ./Drivers/STM32G0xx_HAL_Driver/Src/stm32g0xx_hal_uart.o
                0x08003ff0                UART_AdvFeatureConfig
 .text.UART_CheckIdleState
                0x08004158      0x154 ./Drivers/STM32G0xx_HAL_Driver/Src/stm32g0xx_hal_uart.o
                0x08004158                UART_CheckIdleState
 .text.UART_WaitOnFlagUntilTimeout
                0x080042ac       0xde ./Drivers/STM32G0xx_HAL_Driver/Src/stm32g0xx_hal_uart.o
                0x080042ac                UART_WaitOnFlagUntilTimeout
 *fill*         0x0800438a        0x2 
 .text.UART_EndRxTransfer
                0x0800438c       0xcc ./Drivers/STM32G0xx_HAL_Driver/Src/stm32g0xx_hal_uart.o
 .text.atoi     0x08004458        0xc E:/Programy/STM32CubeIDE_1.13.2/STM32CubeIDE/plugins/com.st.stm32cube.ide.mcu.externaltools.gnu-tools-for-stm32.12.3.rel1.win32_1.0.100.202403111256/tools/bin/../lib/gcc/arm-none-eabi/12.3.1/../../../../arm-none-eabi/lib/thumb/v6-m/nofp\libc_nano.a(libc_a-atoi.o)
                0x08004458                atoi
 .text._strtol_l.constprop.0
                0x08004464      0x114 E:/Programy/STM32CubeIDE_1.13.2/STM32CubeIDE/plugins/com.st.stm32cube.ide.mcu.externaltools.gnu-tools-for-stm32.12.3.rel1.win32_1.0.100.202403111256/tools/bin/../lib/gcc/arm-none-eabi/12.3.1/../../../../arm-none-eabi/lib/thumb/v6-m/nofp\libc_nano.a(libc_a-strtol.o)
 .text.strtol   0x08004578       0x18 E:/Programy/STM32CubeIDE_1.13.2/STM32CubeIDE/plugins/com.st.stm32cube.ide.mcu.externaltools.gnu-tools-for-stm32.12.3.rel1.win32_1.0.100.202403111256/tools/bin/../lib/gcc/arm-none-eabi/12.3.1/../../../../arm-none-eabi/lib/thumb/v6-m/nofp\libc_nano.a(libc_a-strtol.o)
                0x08004578                strtol
 .text.std      0x08004590       0x6c E:/Programy/STM32CubeIDE_1.13.2/STM32CubeIDE/plugins/com.st.stm32cube.ide.mcu.externaltools.gnu-tools-for-stm32.12.3.rel1.win32_1.0.100.202403111256/tools/bin/../lib/gcc/arm-none-eabi/12.3.1/../../../../arm-none-eabi/lib/thumb/v6-m/nofp\libc_nano.a(libc_a-findfp.o)
 .text.stdio_exit_handler
                0x080045fc       0x1c E:/Programy/STM32CubeIDE_1.13.2/STM32CubeIDE/plugins/com.st.stm32cube.ide.mcu.externaltools.gnu-tools-for-stm32.12.3.rel1.win32_1.0.100.202403111256/tools/bin/../lib/gcc/arm-none-eabi/12.3.1/../../../../arm-none-eabi/lib/thumb/v6-m/nofp\libc_nano.a(libc_a-findfp.o)
 .text.cleanup_stdio
                0x08004618       0x3c E:/Programy/STM32CubeIDE_1.13.2/STM32CubeIDE/plugins/com.st.stm32cube.ide.mcu.externaltools.gnu-tools-for-stm32.12.3.rel1.win32_1.0.100.202403111256/tools/bin/../lib/gcc/arm-none-eabi/12.3.1/../../../../arm-none-eabi/lib/thumb/v6-m/nofp\libc_nano.a(libc_a-findfp.o)
 .text.global_stdio_init.part.0
                0x08004654       0x3c E:/Programy/STM32CubeIDE_1.13.2/STM32CubeIDE/plugins/com.st.stm32cube.ide.mcu.externaltools.gnu-tools-for-stm32.12.3.rel1.win32_1.0.100.202403111256/tools/bin/../lib/gcc/arm-none-eabi/12.3.1/../../../../arm-none-eabi/lib/thumb/v6-m/nofp\libc_nano.a(libc_a-findfp.o)
 .text.__sfp_lock_acquire
                0x08004690       0x10 E:/Programy/STM32CubeIDE_1.13.2/STM32CubeIDE/plugins/com.st.stm32cube.ide.mcu.externaltools.gnu-tools-for-stm32.12.3.rel1.win32_1.0.100.202403111256/tools/bin/../lib/gcc/arm-none-eabi/12.3.1/../../../../arm-none-eabi/lib/thumb/v6-m/nofp\libc_nano.a(libc_a-findfp.o)
                0x08004690                __sfp_lock_acquire
 .text.__sfp_lock_release
                0x080046a0       0x10 E:/Programy/STM32CubeIDE_1.13.2/STM32CubeIDE/plugins/com.st.stm32cube.ide.mcu.externaltools.gnu-tools-for-stm32.12.3.rel1.win32_1.0.100.202403111256/tools/bin/../lib/gcc/arm-none-eabi/12.3.1/../../../../arm-none-eabi/lib/thumb/v6-m/nofp\libc_nano.a(libc_a-findfp.o)
                0x080046a0                __sfp_lock_release
 .text.__sinit  0x080046b0       0x30 E:/Programy/STM32CubeIDE_1.13.2/STM32CubeIDE/plugins/com.st.stm32cube.ide.mcu.externaltools.gnu-tools-for-stm32.12.3.rel1.win32_1.0.100.202403111256/tools/bin/../lib/gcc/arm-none-eabi/12.3.1/../../../../arm-none-eabi/lib/thumb/v6-m/nofp\libc_nano.a(libc_a-findfp.o)
                0x080046b0                __sinit
 .text._fwalk_sglue
                0x080046e0       0x38 E:/Programy/STM32CubeIDE_1.13.2/STM32CubeIDE/plugins/com.st.stm32cube.ide.mcu.externaltools.gnu-tools-for-stm32.12.3.rel1.win32_1.0.100.202403111256/tools/bin/../lib/gcc/arm-none-eabi/12.3.1/../../../../arm-none-eabi/lib/thumb/v6-m/nofp\libc_nano.a(libc_a-fwalk.o)
                0x080046e0                _fwalk_sglue
 .text.printf   0x08004718       0x20 E:/Programy/STM32CubeIDE_1.13.2/STM32CubeIDE/plugins/com.st.stm32cube.ide.mcu.externaltools.gnu-tools-for-stm32.12.3.rel1.win32_1.0.100.202403111256/tools/bin/../lib/gcc/arm-none-eabi/12.3.1/../../../../arm-none-eabi/lib/thumb/v6-m/nofp\libc_nano.a(libc_a-printf.o)
                0x08004718                iprintf
                0x08004718                printf
 .text.__sread  0x08004738       0x28 E:/Programy/STM32CubeIDE_1.13.2/STM32CubeIDE/plugins/com.st.stm32cube.ide.mcu.externaltools.gnu-tools-for-stm32.12.3.rel1.win32_1.0.100.202403111256/tools/bin/../lib/gcc/arm-none-eabi/12.3.1/../../../../arm-none-eabi/lib/thumb/v6-m/nofp\libc_nano.a(libc_a-stdio.o)
                0x08004738                __sread
 .text.__swrite
                0x08004760       0x38 E:/Programy/STM32CubeIDE_1.13.2/STM32CubeIDE/plugins/com.st.stm32cube.ide.mcu.externaltools.gnu-tools-for-stm32.12.3.rel1.win32_1.0.100.202403111256/tools/bin/../lib/gcc/arm-none-eabi/12.3.1/../../../../arm-none-eabi/lib/thumb/v6-m/nofp\libc_nano.a(libc_a-stdio.o)
                0x08004760                __swrite
 .text.__sseek  0x08004798       0x2c E:/Programy/STM32CubeIDE_1.13.2/STM32CubeIDE/plugins/com.st.stm32cube.ide.mcu.externaltools.gnu-tools-for-stm32.12.3.rel1.win32_1.0.100.202403111256/tools/bin/../lib/gcc/arm-none-eabi/12.3.1/../../../../arm-none-eabi/lib/thumb/v6-m/nofp\libc_nano.a(libc_a-stdio.o)
                0x08004798                __sseek
 .text.__sclose
                0x080047c4        0xc E:/Programy/STM32CubeIDE_1.13.2/STM32CubeIDE/plugins/com.st.stm32cube.ide.mcu.externaltools.gnu-tools-for-stm32.12.3.rel1.win32_1.0.100.202403111256/tools/bin/../lib/gcc/arm-none-eabi/12.3.1/../../../../arm-none-eabi/lib/thumb/v6-m/nofp\libc_nano.a(libc_a-stdio.o)
                0x080047c4                __sclose
 .text.memset   0x080047d0       0x10 E:/Programy/STM32CubeIDE_1.13.2/STM32CubeIDE/plugins/com.st.stm32cube.ide.mcu.externaltools.gnu-tools-for-stm32.12.3.rel1.win32_1.0.100.202403111256/tools/bin/../lib/gcc/arm-none-eabi/12.3.1/../../../../arm-none-eabi/lib/thumb/v6-m/nofp\libc_nano.a(libc_a-memset.o)
                0x080047d0                memset
 .text._close_r
                0x080047e0       0x24 E:/Programy/STM32CubeIDE_1.13.2/STM32CubeIDE/plugins/com.st.stm32cube.ide.mcu.externaltools.gnu-tools-for-stm32.12.3.rel1.win32_1.0.100.202403111256/tools/bin/../lib/gcc/arm-none-eabi/12.3.1/../../../../arm-none-eabi/lib/thumb/v6-m/nofp\libc_nano.a(libc_a-closer.o)
                0x080047e0                _close_r
 .text._lseek_r
                0x08004804       0x28 E:/Programy/STM32CubeIDE_1.13.2/STM32CubeIDE/plugins/com.st.stm32cube.ide.mcu.externaltools.gnu-tools-for-stm32.12.3.rel1.win32_1.0.100.202403111256/tools/bin/../lib/gcc/arm-none-eabi/12.3.1/../../../../arm-none-eabi/lib/thumb/v6-m/nofp\libc_nano.a(libc_a-lseekr.o)
                0x08004804                _lseek_r
 .text._read_r  0x0800482c       0x28 E:/Programy/STM32CubeIDE_1.13.2/STM32CubeIDE/plugins/com.st.stm32cube.ide.mcu.externaltools.gnu-tools-for-stm32.12.3.rel1.win32_1.0.100.202403111256/tools/bin/../lib/gcc/arm-none-eabi/12.3.1/../../../../arm-none-eabi/lib/thumb/v6-m/nofp\libc_nano.a(libc_a-readr.o)
                0x0800482c                _read_r
 .text._write_r
                0x08004854       0x28 E:/Programy/STM32CubeIDE_1.13.2/STM32CubeIDE/plugins/com.st.stm32cube.ide.mcu.externaltools.gnu-tools-for-stm32.12.3.rel1.win32_1.0.100.202403111256/tools/bin/../lib/gcc/arm-none-eabi/12.3.1/../../../../arm-none-eabi/lib/thumb/v6-m/nofp\libc_nano.a(libc_a-writer.o)
                0x08004854                _write_r
 .text.__errno  0x0800487c        0xc E:/Programy/STM32CubeIDE_1.13.2/STM32CubeIDE/plugins/com.st.stm32cube.ide.mcu.externaltools.gnu-tools-for-stm32.12.3.rel1.win32_1.0.100.202403111256/tools/bin/../lib/gcc/arm-none-eabi/12.3.1/../../../../arm-none-eabi/lib/thumb/v6-m/nofp\libc_nano.a(libc_a-errno.o)
                0x0800487c                __errno
 .text.__libc_init_array
                0x08004888       0x48 E:/Programy/STM32CubeIDE_1.13.2/STM32CubeIDE/plugins/com.st.stm32cube.ide.mcu.externaltools.gnu-tools-for-stm32.12.3.rel1.win32_1.0.100.202403111256/tools/bin/../lib/gcc/arm-none-eabi/12.3.1/../../../../arm-none-eabi/lib/thumb/v6-m/nofp\libc_nano.a(libc_a-init.o)
                0x08004888                __libc_init_array
 .text.__retarget_lock_init_recursive
                0x080048d0        0x2 E:/Programy/STM32CubeIDE_1.13.2/STM32CubeIDE/plugins/com.st.stm32cube.ide.mcu.externaltools.gnu-tools-for-stm32.12.3.rel1.win32_1.0.100.202403111256/tools/bin/../lib/gcc/arm-none-eabi/12.3.1/../../../../arm-none-eabi/lib/thumb/v6-m/nofp\libc_nano.a(libc_a-lock.o)
                0x080048d0                __retarget_lock_init_recursive
 .text.__retarget_lock_acquire_recursive
                0x080048d2        0x2 E:/Programy/STM32CubeIDE_1.13.2/STM32CubeIDE/plugins/com.st.stm32cube.ide.mcu.externaltools.gnu-tools-for-stm32.12.3.rel1.win32_1.0.100.202403111256/tools/bin/../lib/gcc/arm-none-eabi/12.3.1/../../../../arm-none-eabi/lib/thumb/v6-m/nofp\libc_nano.a(libc_a-lock.o)
                0x080048d2                __retarget_lock_acquire_recursive
 .text.__retarget_lock_release_recursive
                0x080048d4        0x2 E:/Programy/STM32CubeIDE_1.13.2/STM32CubeIDE/plugins/com.st.stm32cube.ide.mcu.externaltools.gnu-tools-for-stm32.12.3.rel1.win32_1.0.100.202403111256/tools/bin/../lib/gcc/arm-none-eabi/12.3.1/../../../../arm-none-eabi/lib/thumb/v6-m/nofp\libc_nano.a(libc_a-lock.o)
                0x080048d4                __retarget_lock_release_recursive
 *fill*         0x080048d6        0x2 
 .text._free_r  0x080048d8       0x94 E:/Programy/STM32CubeIDE_1.13.2/STM32CubeIDE/plugins/com.st.stm32cube.ide.mcu.externaltools.gnu-tools-for-stm32.12.3.rel1.win32_1.0.100.202403111256/tools/bin/../lib/gcc/arm-none-eabi/12.3.1/../../../../arm-none-eabi/lib/thumb/v6-m/nofp\libc_nano.a(libc_a-freer.o)
                0x080048d8                _free_r
 .text.sbrk_aligned
                0x0800496c       0x44 E:/Programy/STM32CubeIDE_1.13.2/STM32CubeIDE/plugins/com.st.stm32cube.ide.mcu.externaltools.gnu-tools-for-stm32.12.3.rel1.win32_1.0.100.202403111256/tools/bin/../lib/gcc/arm-none-eabi/12.3.1/../../../../arm-none-eabi/lib/thumb/v6-m/nofp\libc_nano.a(libc_a-mallocr.o)
 .text._malloc_r
                0x080049b0      0x100 E:/Programy/STM32CubeIDE_1.13.2/STM32CubeIDE/plugins/com.st.stm32cube.ide.mcu.externaltools.gnu-tools-for-stm32.12.3.rel1.win32_1.0.100.202403111256/tools/bin/../lib/gcc/arm-none-eabi/12.3.1/../../../../arm-none-eabi/lib/thumb/v6-m/nofp\libc_nano.a(libc_a-mallocr.o)
                0x080049b0                _malloc_r
 .text.__malloc_lock
                0x08004ab0       0x10 E:/Programy/STM32CubeIDE_1.13.2/STM32CubeIDE/plugins/com.st.stm32cube.ide.mcu.externaltools.gnu-tools-for-stm32.12.3.rel1.win32_1.0.100.202403111256/tools/bin/../lib/gcc/arm-none-eabi/12.3.1/../../../../arm-none-eabi/lib/thumb/v6-m/nofp\libc_nano.a(libc_a-mlock.o)
                0x08004ab0                __malloc_lock
 .text.__malloc_unlock
                0x08004ac0       0x10 E:/Programy/STM32CubeIDE_1.13.2/STM32CubeIDE/plugins/com.st.stm32cube.ide.mcu.externaltools.gnu-tools-for-stm32.12.3.rel1.win32_1.0.100.202403111256/tools/bin/../lib/gcc/arm-none-eabi/12.3.1/../../../../arm-none-eabi/lib/thumb/v6-m/nofp\libc_nano.a(libc_a-mlock.o)
                0x08004ac0                __malloc_unlock
 .text.__sfputc_r
                0x08004ad0       0x2a E:/Programy/STM32CubeIDE_1.13.2/STM32CubeIDE/plugins/com.st.stm32cube.ide.mcu.externaltools.gnu-tools-for-stm32.12.3.rel1.win32_1.0.100.202403111256/tools/bin/../lib/gcc/arm-none-eabi/12.3.1/../../../../arm-none-eabi/lib/thumb/v6-m/nofp\libc_nano.a(libc_a-nano-vfprintf.o)
 .text.__sfputs_r
                0x08004afa       0x24 E:/Programy/STM32CubeIDE_1.13.2/STM32CubeIDE/plugins/com.st.stm32cube.ide.mcu.externaltools.gnu-tools-for-stm32.12.3.rel1.win32_1.0.100.202403111256/tools/bin/../lib/gcc/arm-none-eabi/12.3.1/../../../../arm-none-eabi/lib/thumb/v6-m/nofp\libc_nano.a(libc_a-nano-vfprintf.o)
                0x08004afa                __sfputs_r
 *fill*         0x08004b1e        0x2 
 .text._vfprintf_r
                0x08004b20      0x238 E:/Programy/STM32CubeIDE_1.13.2/STM32CubeIDE/plugins/com.st.stm32cube.ide.mcu.externaltools.gnu-tools-for-stm32.12.3.rel1.win32_1.0.100.202403111256/tools/bin/../lib/gcc/arm-none-eabi/12.3.1/../../../../arm-none-eabi/lib/thumb/v6-m/nofp\libc_nano.a(libc_a-nano-vfprintf.o)
                0x08004b20                _vfprintf_r
                0x08004b20                _vfiprintf_r
 .text._printf_common
                0x08004d58       0xde E:/Programy/STM32CubeIDE_1.13.2/STM32CubeIDE/plugins/com.st.stm32cube.ide.mcu.externaltools.gnu-tools-for-stm32.12.3.rel1.win32_1.0.100.202403111256/tools/bin/../lib/gcc/arm-none-eabi/12.3.1/../../../../arm-none-eabi/lib/thumb/v6-m/nofp\libc_nano.a(libc_a-nano-vfprintf_i.o)
                0x08004d58                _printf_common
 *fill*         0x08004e36        0x2 
 .text._printf_i
                0x08004e38      0x21c E:/Programy/STM32CubeIDE_1.13.2/STM32CubeIDE/plugins/com.st.stm32cube.ide.mcu.externaltools.gnu-tools-for-stm32.12.3.rel1.win32_1.0.100.202403111256/tools/bin/../lib/gcc/arm-none-eabi/12.3.1/../../../../arm-none-eabi/lib/thumb/v6-m/nofp\libc_nano.a(libc_a-nano-vfprintf_i.o)
                0x08004e38                _printf_i
 .text.__sflush_r
                0x08005054      0x10c E:/Programy/STM32CubeIDE_1.13.2/STM32CubeIDE/plugins/com.st.stm32cube.ide.mcu.externaltools.gnu-tools-for-stm32.12.3.rel1.win32_1.0.100.202403111256/tools/bin/../lib/gcc/arm-none-eabi/12.3.1/../../../../arm-none-eabi/lib/thumb/v6-m/nofp\libc_nano.a(libc_a-fflush.o)
                0x08005054                __sflush_r
 .text._fflush_r
                0x08005160       0x56 E:/Programy/STM32CubeIDE_1.13.2/STM32CubeIDE/plugins/com.st.stm32cube.ide.mcu.externaltools.gnu-tools-for-stm32.12.3.rel1.win32_1.0.100.202403111256/tools/bin/../lib/gcc/arm-none-eabi/12.3.1/../../../../arm-none-eabi/lib/thumb/v6-m/nofp\libc_nano.a(libc_a-fflush.o)
                0x08005160                _fflush_r
 .text.__swbuf_r
                0x080051b6       0x84 E:/Programy/STM32CubeIDE_1.13.2/STM32CubeIDE/plugins/com.st.stm32cube.ide.mcu.externaltools.gnu-tools-for-stm32.12.3.rel1.win32_1.0.100.202403111256/tools/bin/../lib/gcc/arm-none-eabi/12.3.1/../../../../arm-none-eabi/lib/thumb/v6-m/nofp\libc_nano.a(libc_a-wbuf.o)
                0x080051b6                __swbuf_r
 *fill*         0x0800523a        0x2 
 .text.__swsetup_r
                0x0800523c       0xbc E:/Programy/STM32CubeIDE_1.13.2/STM32CubeIDE/plugins/com.st.stm32cube.ide.mcu.externaltools.gnu-tools-for-stm32.12.3.rel1.win32_1.0.100.202403111256/tools/bin/../lib/gcc/arm-none-eabi/12.3.1/../../../../arm-none-eabi/lib/thumb/v6-m/nofp\libc_nano.a(libc_a-wsetup.o)
                0x0800523c                __swsetup_r
 .text._sbrk_r  0x080052f8       0x24 E:/Programy/STM32CubeIDE_1.13.2/STM32CubeIDE/plugins/com.st.stm32cube.ide.mcu.externaltools.gnu-tools-for-stm32.12.3.rel1.win32_1.0.100.202403111256/tools/bin/../lib/gcc/arm-none-eabi/12.3.1/../../../../arm-none-eabi/lib/thumb/v6-m/nofp\libc_nano.a(libc_a-sbrkr.o)
                0x080052f8                _sbrk_r
 .text.memchr   0x0800531c       0x16 E:/Programy/STM32CubeIDE_1.13.2/STM32CubeIDE/plugins/com.st.stm32cube.ide.mcu.externaltools.gnu-tools-for-stm32.12.3.rel1.win32_1.0.100.202403111256/tools/bin/../lib/gcc/arm-none-eabi/12.3.1/../../../../arm-none-eabi/lib/thumb/v6-m/nofp\libc_nano.a(libc_a-memchr-stub.o)
                0x0800531c                memchr
 *fill*         0x08005332        0x2 
 .text.__swhatbuf_r
                0x08005334       0x54 E:/Programy/STM32CubeIDE_1.13.2/STM32CubeIDE/plugins/com.st.stm32cube.ide.mcu.externaltools.gnu-tools-for-stm32.12.3.rel1.win32_1.0.100.202403111256/tools/bin/../lib/gcc/arm-none-eabi/12.3.1/../../../../arm-none-eabi/lib/thumb/v6-m/nofp\libc_nano.a(libc_a-makebuf.o)
                0x08005334                __swhatbuf_r
 .text.__smakebuf_r
                0x08005388       0x82 E:/Programy/STM32CubeIDE_1.13.2/STM32CubeIDE/plugins/com.st.stm32cube.ide.mcu.externaltools.gnu-tools-for-stm32.12.3.rel1.win32_1.0.100.202403111256/tools/bin/../lib/gcc/arm-none-eabi/12.3.1/../../../../arm-none-eabi/lib/thumb/v6-m/nofp\libc_nano.a(libc_a-makebuf.o)
                0x08005388                __smakebuf_r
 *fill*         0x0800540a        0x2 
 .text._fstat_r
                0x0800540c       0x24 E:/Programy/STM32CubeIDE_1.13.2/STM32CubeIDE/plugins/com.st.stm32cube.ide.mcu.externaltools.gnu-tools-for-stm32.12.3.rel1.win32_1.0.100.202403111256/tools/bin/../lib/gcc/arm-none-eabi/12.3.1/../../../../arm-none-eabi/lib/thumb/v6-m/nofp\libc_nano.a(libc_a-fstatr.o)
                0x0800540c                _fstat_r
 .text._isatty_r
                0x08005430       0x24 E:/Programy/STM32CubeIDE_1.13.2/STM32CubeIDE/plugins/com.st.stm32cube.ide.mcu.externaltools.gnu-tools-for-stm32.12.3.rel1.win32_1.0.100.202403111256/tools/bin/../lib/gcc/arm-none-eabi/12.3.1/../../../../arm-none-eabi/lib/thumb/v6-m/nofp\libc_nano.a(libc_a-isattyr.o)
                0x08005430                _isatty_r
 *(.glue_7)
 .glue_7        0x08005454        0x0 linker stubs
 *(.glue_7t)
 .glue_7t       0x08005454        0x0 linker stubs
 *(.eh_frame)
 .eh_frame      0x08005454        0x0 E:/Programy/STM32CubeIDE_1.13.2/STM32CubeIDE/plugins/com.st.stm32cube.ide.mcu.externaltools.gnu-tools-for-stm32.12.3.rel1.win32_1.0.100.202403111256/tools/bin/../lib/gcc/arm-none-eabi/12.3.1/thumb/v6-m/nofp/crtbegin.o
 *(.init)
 .init          0x08005454        0x4 E:/Programy/STM32CubeIDE_1.13.2/STM32CubeIDE/plugins/com.st.stm32cube.ide.mcu.externaltools.gnu-tools-for-stm32.12.3.rel1.win32_1.0.100.202403111256/tools/bin/../lib/gcc/arm-none-eabi/12.3.1/thumb/v6-m/nofp/crti.o
                0x08005454                _init
 .init          0x08005458        0x8 E:/Programy/STM32CubeIDE_1.13.2/STM32CubeIDE/plugins/com.st.stm32cube.ide.mcu.externaltools.gnu-tools-for-stm32.12.3.rel1.win32_1.0.100.202403111256/tools/bin/../lib/gcc/arm-none-eabi/12.3.1/thumb/v6-m/nofp/crtn.o
 *(.fini)
 .fini          0x08005460        0x4 E:/Programy/STM32CubeIDE_1.13.2/STM32CubeIDE/plugins/com.st.stm32cube.ide.mcu.externaltools.gnu-tools-for-stm32.12.3.rel1.win32_1.0.100.202403111256/tools/bin/../lib/gcc/arm-none-eabi/12.3.1/thumb/v6-m/nofp/crti.o
                0x08005460                _fini
 .fini          0x08005464        0x8 E:/Programy/STM32CubeIDE_1.13.2/STM32CubeIDE/plugins/com.st.stm32cube.ide.mcu.externaltools.gnu-tools-for-stm32.12.3.rel1.win32_1.0.100.202403111256/tools/bin/../lib/gcc/arm-none-eabi/12.3.1/thumb/v6-m/nofp/crtn.o
                0x0800546c                        . = ALIGN (0x4)
                0x0800546c                        _etext = .

.vfp11_veneer   0x0800546c        0x0
 .vfp11_veneer  0x0800546c        0x0 linker stubs

.v4_bx          0x0800546c        0x0
 .v4_bx         0x0800546c        0x0 linker stubs

.iplt           0x0800546c        0x0
 .iplt          0x0800546c        0x0 E:/Programy/STM32CubeIDE_1.13.2/STM32CubeIDE/plugins/com.st.stm32cube.ide.mcu.externaltools.gnu-tools-for-stm32.12.3.rel1.win32_1.0.100.202403111256/tools/bin/../lib/gcc/arm-none-eabi/12.3.1/thumb/v6-m/nofp/crtbegin.o

.rodata         0x0800546c      0x1f0
                0x0800546c                        . = ALIGN (0x4)
 *(.rodata)
 .rodata        0x0800546c       0x44 ./Core/Src/main.o
 *(.rodata*)
 .rodata.AHBPrescTable
                0x080054b0       0x40 ./Core/Src/system_stm32g0xx.o
                0x080054b0                AHBPrescTable
 .rodata.APBPrescTable
                0x080054f0       0x20 ./Core/Src/system_stm32g0xx.o
                0x080054f0                APBPrescTable
 .rodata.UARTPrescTable
                0x08005510       0x18 ./Drivers/STM32G0xx_HAL_Driver/Src/stm32g0xx_hal_uart.o
                0x08005510                UARTPrescTable
 .rodata._ctype_
                0x08005528      0x101 E:/Programy/STM32CubeIDE_1.13.2/STM32CubeIDE/plugins/com.st.stm32cube.ide.mcu.externaltools.gnu-tools-for-stm32.12.3.rel1.win32_1.0.100.202403111256/tools/bin/../lib/gcc/arm-none-eabi/12.3.1/../../../../arm-none-eabi/lib/thumb/v6-m/nofp\libc_nano.a(libc_a-ctype_.o)
                0x08005528                _ctype_
 .rodata._vfprintf_r.str1.1
                0x08005629       0x11 E:/Programy/STM32CubeIDE_1.13.2/STM32CubeIDE/plugins/com.st.stm32cube.ide.mcu.externaltools.gnu-tools-for-stm32.12.3.rel1.win32_1.0.100.202403111256/tools/bin/../lib/gcc/arm-none-eabi/12.3.1/../../../../arm-none-eabi/lib/thumb/v6-m/nofp\libc_nano.a(libc_a-nano-vfprintf.o)
 .rodata._printf_i.str1.1
                0x0800563a       0x22 E:/Programy/STM32CubeIDE_1.13.2/STM32CubeIDE/plugins/com.st.stm32cube.ide.mcu.externaltools.gnu-tools-for-stm32.12.3.rel1.win32_1.0.100.202403111256/tools/bin/../lib/gcc/arm-none-eabi/12.3.1/../../../../arm-none-eabi/lib/thumb/v6-m/nofp\libc_nano.a(libc_a-nano-vfprintf_i.o)
                0x0800565c                        . = ALIGN (0x4)

.ARM.extab      0x0800565c        0x0
                0x0800565c                        . = ALIGN (0x4)
 *(.ARM.extab* .gnu.linkonce.armextab.*)
                0x0800565c                        . = ALIGN (0x4)

.ARM            0x0800565c        0x0
                0x0800565c                        . = ALIGN (0x4)
                0x0800565c                        __exidx_start = .
 *(.ARM.exidx*)
                0x0800565c                        __exidx_end = .
                0x0800565c                        . = ALIGN (0x4)

.preinit_array  0x0800565c        0x0
                0x0800565c                        . = ALIGN (0x4)
                0x0800565c                        PROVIDE (__preinit_array_start = .)
 *(.preinit_array*)
                0x0800565c                        PROVIDE (__preinit_array_end = .)
                0x0800565c                        . = ALIGN (0x4)

.init_array     0x0800565c        0x4
                0x0800565c                        . = ALIGN (0x4)
                0x0800565c                        PROVIDE (__init_array_start = .)
 *(SORT_BY_NAME(.init_array.*))
 *(.init_array*)
 .init_array    0x0800565c        0x4 E:/Programy/STM32CubeIDE_1.13.2/STM32CubeIDE/plugins/com.st.stm32cube.ide.mcu.externaltools.gnu-tools-for-stm32.12.3.rel1.win32_1.0.100.202403111256/tools/bin/../lib/gcc/arm-none-eabi/12.3.1/thumb/v6-m/nofp/crtbegin.o
                0x08005660                        PROVIDE (__init_array_end = .)
                0x08005660                        . = ALIGN (0x4)

.fini_array     0x08005660        0x4
                0x08005660                        . = ALIGN (0x4)
                [!provide]                        PROVIDE (__fini_array_start = .)
 *(SORT_BY_NAME(.fini_array.*))
 *(.fini_array*)
 .fini_array    0x08005660        0x4 E:/Programy/STM32CubeIDE_1.13.2/STM32CubeIDE/plugins/com.st.stm32cube.ide.mcu.externaltools.gnu-tools-for-stm32.12.3.rel1.win32_1.0.100.202403111256/tools/bin/../lib/gcc/arm-none-eabi/12.3.1/thumb/v6-m/nofp/crtbegin.o
                [!provide]                        PROVIDE (__fini_array_end = .)
                0x08005664                        . = ALIGN (0x4)
                0x08005664                        _sidata = LOADADDR (.data)

.rel.dyn        0x08005664        0x0
 .rel.iplt      0x08005664        0x0 E:/Programy/STM32CubeIDE_1.13.2/STM32CubeIDE/plugins/com.st.stm32cube.ide.mcu.externaltools.gnu-tools-for-stm32.12.3.rel1.win32_1.0.100.202403111256/tools/bin/../lib/gcc/arm-none-eabi/12.3.1/thumb/v6-m/nofp/crtbegin.o

.data           0x20000000      0x368 load address 0x08005664
                0x20000000                        . = ALIGN (0x4)
                0x20000000                        _sdata = .
 *(.data)
 *(.data*)
 .data.digits   0x20000000      0x2f8 ./Core/Src/Matrix.o
                0x20000000                digits
 .data.characters
                0x200002f8        0x4 ./Core/Src/main.o
                0x200002f8                characters
 .data.parsingFrameLength
                0x200002fc        0x1 ./Core/Src/main.o
                0x200002fc                parsingFrameLength
 *fill*         0x200002fd        0x3 
 .data.SystemCoreClock
                0x20000300        0x4 ./Core/Src/system_stm32g0xx.o
                0x20000300                SystemCoreClock
 .data.uwTickPrio
                0x20000304        0x4 ./Drivers/STM32G0xx_HAL_Driver/Src/stm32g0xx_hal.o
                0x20000304                uwTickPrio
 .data.uwTickFreq
                0x20000308        0x1 ./Drivers/STM32G0xx_HAL_Driver/Src/stm32g0xx_hal.o
                0x20000308                uwTickFreq
 *fill*         0x20000309        0x3 
 .data.__sglue  0x2000030c        0xc E:/Programy/STM32CubeIDE_1.13.2/STM32CubeIDE/plugins/com.st.stm32cube.ide.mcu.externaltools.gnu-tools-for-stm32.12.3.rel1.win32_1.0.100.202403111256/tools/bin/../lib/gcc/arm-none-eabi/12.3.1/../../../../arm-none-eabi/lib/thumb/v6-m/nofp\libc_nano.a(libc_a-findfp.o)
                0x2000030c                __sglue
 .data._impure_ptr
                0x20000318        0x4 E:/Programy/STM32CubeIDE_1.13.2/STM32CubeIDE/plugins/com.st.stm32cube.ide.mcu.externaltools.gnu-tools-for-stm32.12.3.rel1.win32_1.0.100.202403111256/tools/bin/../lib/gcc/arm-none-eabi/12.3.1/../../../../arm-none-eabi/lib/thumb/v6-m/nofp\libc_nano.a(libc_a-impure.o)
                0x20000318                _impure_ptr
 .data._impure_data
                0x2000031c       0x4c E:/Programy/STM32CubeIDE_1.13.2/STM32CubeIDE/plugins/com.st.stm32cube.ide.mcu.externaltools.gnu-tools-for-stm32.12.3.rel1.win32_1.0.100.202403111256/tools/bin/../lib/gcc/arm-none-eabi/12.3.1/../../../../arm-none-eabi/lib/thumb/v6-m/nofp\libc_nano.a(libc_a-impure.o)
                0x2000031c                _impure_data
 *(.RamFunc)
 *(.RamFunc*)
                0x20000368                        . = ALIGN (0x4)
                0x20000368                        _edata = .

.igot.plt       0x20000368        0x0 load address 0x080059cc
 .igot.plt      0x20000368        0x0 E:/Programy/STM32CubeIDE_1.13.2/STM32CubeIDE/plugins/com.st.stm32cube.ide.mcu.externaltools.gnu-tools-for-stm32.12.3.rel1.win32_1.0.100.202403111256/tools/bin/../lib/gcc/arm-none-eabi/12.3.1/thumb/v6-m/nofp/crtbegin.o
                0x20000368                        . = ALIGN (0x4)

.bss            0x20000368      0x838 load address 0x080059cc
                0x20000368                        _sbss = .
                0x20000368                        __bss_start__ = _sbss
 *(.bss)
 .bss           0x20000368       0x1c E:/Programy/STM32CubeIDE_1.13.2/STM32CubeIDE/plugins/com.st.stm32cube.ide.mcu.externaltools.gnu-tools-for-stm32.12.3.rel1.win32_1.0.100.202403111256/tools/bin/../lib/gcc/arm-none-eabi/12.3.1/thumb/v6-m/nofp/crtbegin.o
 *(.bss*)
 .bss._i2c      0x20000384        0x4 ./Core/Src/LedDriver.o
                0x20000384                _i2c
 .bss.hi2c1     0x20000388       0x54 ./Core/Src/main.o
                0x20000388                hi2c1
 .bss.hi2c2     0x200003dc       0x54 ./Core/Src/main.o
                0x200003dc                hi2c2
 .bss.hspi1     0x20000430       0x64 ./Core/Src/main.o
                0x20000430                hspi1
 .bss.huart2    0x20000494       0x94 ./Core/Src/main.o
                0x20000494                huart2
 .bss.matrix    0x20000528      0x118 ./Core/Src/main.o
                0x20000528                matrix
 .bss.spi_rx_buffer
                0x20000640      0x400 ./Core/Src/main.o
                0x20000640                spi_rx_buffer
 .bss.receivedByte
                0x20000a40        0x1 ./Core/Src/main.o
                0x20000a40                receivedByte
 *fill*         0x20000a41        0x1 
 .bss.rxIndex   0x20000a42        0x2 ./Core/Src/main.o
                0x20000a42                rxIndex
 .bss.readIndex
                0x20000a44        0x2 ./Core/Src/main.o
                0x20000a44                readIndex
 .bss.expectedFrameLength
                0x20000a46        0x2 ./Core/Src/main.o
                0x20000a46                expectedFrameLength
 .bss.dataReady
                0x20000a48        0x1 ./Core/Src/main.o
                0x20000a48                dataReady
 *fill*         0x20000a49        0x3 
 .bss.__sbrk_heap_end
                0x20000a4c        0x4 ./Core/Src/sysmem.o
 .bss.uwTick    0x20000a50        0x4 ./Drivers/STM32G0xx_HAL_Driver/Src/stm32g0xx_hal.o
                0x20000a50                uwTick
 .bss.__sf      0x20000a54      0x138 E:/Programy/STM32CubeIDE_1.13.2/STM32CubeIDE/plugins/com.st.stm32cube.ide.mcu.externaltools.gnu-tools-for-stm32.12.3.rel1.win32_1.0.100.202403111256/tools/bin/../lib/gcc/arm-none-eabi/12.3.1/../../../../arm-none-eabi/lib/thumb/v6-m/nofp\libc_nano.a(libc_a-findfp.o)
                0x20000a54                __sf
 .bss.__stdio_exit_handler
                0x20000b8c        0x4 E:/Programy/STM32CubeIDE_1.13.2/STM32CubeIDE/plugins/com.st.stm32cube.ide.mcu.externaltools.gnu-tools-for-stm32.12.3.rel1.win32_1.0.100.202403111256/tools/bin/../lib/gcc/arm-none-eabi/12.3.1/../../../../arm-none-eabi/lib/thumb/v6-m/nofp\libc_nano.a(libc_a-findfp.o)
                0x20000b8c                __stdio_exit_handler
 .bss.errno     0x20000b90        0x4 E:/Programy/STM32CubeIDE_1.13.2/STM32CubeIDE/plugins/com.st.stm32cube.ide.mcu.externaltools.gnu-tools-for-stm32.12.3.rel1.win32_1.0.100.202403111256/tools/bin/../lib/gcc/arm-none-eabi/12.3.1/../../../../arm-none-eabi/lib/thumb/v6-m/nofp\libc_nano.a(libc_a-reent.o)
                0x20000b90                errno
 .bss.__lock___malloc_recursive_mutex
                0x20000b94        0x1 E:/Programy/STM32CubeIDE_1.13.2/STM32CubeIDE/plugins/com.st.stm32cube.ide.mcu.externaltools.gnu-tools-for-stm32.12.3.rel1.win32_1.0.100.202403111256/tools/bin/../lib/gcc/arm-none-eabi/12.3.1/../../../../arm-none-eabi/lib/thumb/v6-m/nofp\libc_nano.a(libc_a-lock.o)
                0x20000b94                __lock___malloc_recursive_mutex
 .bss.__lock___sfp_recursive_mutex
                0x20000b95        0x1 E:/Programy/STM32CubeIDE_1.13.2/STM32CubeIDE/plugins/com.st.stm32cube.ide.mcu.externaltools.gnu-tools-for-stm32.12.3.rel1.win32_1.0.100.202403111256/tools/bin/../lib/gcc/arm-none-eabi/12.3.1/../../../../arm-none-eabi/lib/thumb/v6-m/nofp\libc_nano.a(libc_a-lock.o)
                0x20000b95                __lock___sfp_recursive_mutex
 *fill*         0x20000b96        0x2 
 .bss.__malloc_sbrk_start
                0x20000b98        0x4 E:/Programy/STM32CubeIDE_1.13.2/STM32CubeIDE/plugins/com.st.stm32cube.ide.mcu.externaltools.gnu-tools-for-stm32.12.3.rel1.win32_1.0.100.202403111256/tools/bin/../lib/gcc/arm-none-eabi/12.3.1/../../../../arm-none-eabi/lib/thumb/v6-m/nofp\libc_nano.a(libc_a-mallocr.o)
                0x20000b98                __malloc_sbrk_start
 .bss.__malloc_free_list
                0x20000b9c        0x4 E:/Programy/STM32CubeIDE_1.13.2/STM32CubeIDE/plugins/com.st.stm32cube.ide.mcu.externaltools.gnu-tools-for-stm32.12.3.rel1.win32_1.0.100.202403111256/tools/bin/../lib/gcc/arm-none-eabi/12.3.1/../../../../arm-none-eabi/lib/thumb/v6-m/nofp\libc_nano.a(libc_a-mallocr.o)
                0x20000b9c                __malloc_free_list
 *(COMMON)
                0x20000ba0                        . = ALIGN (0x4)
                0x20000ba0                        _ebss = .
                0x20000ba0                        __bss_end__ = _ebss

._user_heap_stack
                0x20000ba0      0x600 load address 0x080059cc
                0x20000ba0                        . = ALIGN (0x8)
                [!provide]                        PROVIDE (end = .)
                0x20000ba0                        PROVIDE (_end = .)
                0x20000da0                        . = (. + _Min_Heap_Size)
 *fill*         0x20000ba0      0x200 
                0x200011a0                        . = (. + _Min_Stack_Size)
 *fill*         0x20000da0      0x400 
                0x200011a0                        . = ALIGN (0x8)

/DISCARD/
 libc.a(*)
 libm.a(*)
 libgcc.a(*)

.ARM.attributes
                0x00000000       0x28
 *(.ARM.attributes)
 .ARM.attributes
                0x00000000       0x1e E:/Programy/STM32CubeIDE_1.13.2/STM32CubeIDE/plugins/com.st.stm32cube.ide.mcu.externaltools.gnu-tools-for-stm32.12.3.rel1.win32_1.0.100.202403111256/tools/bin/../lib/gcc/arm-none-eabi/12.3.1/thumb/v6-m/nofp/crti.o
 .ARM.attributes
                0x0000001e       0x2c E:/Programy/STM32CubeIDE_1.13.2/STM32CubeIDE/plugins/com.st.stm32cube.ide.mcu.externaltools.gnu-tools-for-stm32.12.3.rel1.win32_1.0.100.202403111256/tools/bin/../lib/gcc/arm-none-eabi/12.3.1/thumb/v6-m/nofp/crtbegin.o
 .ARM.attributes
                0x0000004a       0x2c ./Core/Src/Dot.o
 .ARM.attributes
                0x00000076       0x2c ./Core/Src/LedDriver.o
 .ARM.attributes
                0x000000a2       0x2c ./Core/Src/Matrix.o
 .ARM.attributes
                0x000000ce       0x2c ./Core/Src/main.o
 .ARM.attributes
                0x000000fa       0x2c ./Core/Src/stm32g0xx_hal_msp.o
 .ARM.attributes
                0x00000126       0x2c ./Core/Src/stm32g0xx_it.o
 .ARM.attributes
                0x00000152       0x2c ./Core/Src/syscalls.o
 .ARM.attributes
                0x0000017e       0x2c ./Core/Src/sysmem.o
 .ARM.attributes
                0x000001aa       0x2c ./Core/Src/system_stm32g0xx.o
 .ARM.attributes
                0x000001d6       0x22 ./Core/Startup/startup_stm32g030f6px.o
 .ARM.attributes
                0x000001f8       0x2c ./Drivers/STM32G0xx_HAL_Driver/Src/stm32g0xx_hal.o
 .ARM.attributes
                0x00000224       0x2c ./Drivers/STM32G0xx_HAL_Driver/Src/stm32g0xx_hal_cortex.o
 .ARM.attributes
                0x00000250       0x2c ./Drivers/STM32G0xx_HAL_Driver/Src/stm32g0xx_hal_dma.o
 .ARM.attributes
                0x0000027c       0x2c ./Drivers/STM32G0xx_HAL_Driver/Src/stm32g0xx_hal_gpio.o
 .ARM.attributes
                0x000002a8       0x2c ./Drivers/STM32G0xx_HAL_Driver/Src/stm32g0xx_hal_i2c.o
 .ARM.attributes
                0x000002d4       0x2c ./Drivers/STM32G0xx_HAL_Driver/Src/stm32g0xx_hal_i2c_ex.o
 .ARM.attributes
                0x00000300       0x2c ./Drivers/STM32G0xx_HAL_Driver/Src/stm32g0xx_hal_pwr_ex.o
 .ARM.attributes
                0x0000032c       0x2c ./Drivers/STM32G0xx_HAL_Driver/Src/stm32g0xx_hal_rcc.o
 .ARM.attributes
                0x00000358       0x2c ./Drivers/STM32G0xx_HAL_Driver/Src/stm32g0xx_hal_rcc_ex.o
 .ARM.attributes
                0x00000384       0x2c ./Drivers/STM32G0xx_HAL_Driver/Src/stm32g0xx_hal_spi.o
 .ARM.attributes
                0x000003b0       0x2c ./Drivers/STM32G0xx_HAL_Driver/Src/stm32g0xx_hal_uart.o
 .ARM.attributes
                0x000003dc       0x2c E:/Programy/STM32CubeIDE_1.13.2/STM32CubeIDE/plugins/com.st.stm32cube.ide.mcu.externaltools.gnu-tools-for-stm32.12.3.rel1.win32_1.0.100.202403111256/tools/bin/../lib/gcc/arm-none-eabi/12.3.1/../../../../arm-none-eabi/lib/thumb/v6-m/nofp\libc_nano.a(libc_a-atoi.o)
 .ARM.attributes
                0x00000408       0x2c E:/Programy/STM32CubeIDE_1.13.2/STM32CubeIDE/plugins/com.st.stm32cube.ide.mcu.externaltools.gnu-tools-for-stm32.12.3.rel1.win32_1.0.100.202403111256/tools/bin/../lib/gcc/arm-none-eabi/12.3.1/../../../../arm-none-eabi/lib/thumb/v6-m/nofp\libc_nano.a(libc_a-strtol.o)
 .ARM.attributes
                0x00000434       0x2c E:/Programy/STM32CubeIDE_1.13.2/STM32CubeIDE/plugins/com.st.stm32cube.ide.mcu.externaltools.gnu-tools-for-stm32.12.3.rel1.win32_1.0.100.202403111256/tools/bin/../lib/gcc/arm-none-eabi/12.3.1/../../../../arm-none-eabi/lib/thumb/v6-m/nofp\libc_nano.a(libc_a-ctype_.o)
 .ARM.attributes
                0x00000460       0x2c E:/Programy/STM32CubeIDE_1.13.2/STM32CubeIDE/plugins/com.st.stm32cube.ide.mcu.externaltools.gnu-tools-for-stm32.12.3.rel1.win32_1.0.100.202403111256/tools/bin/../lib/gcc/arm-none-eabi/12.3.1/../../../../arm-none-eabi/lib/thumb/v6-m/nofp\libc_nano.a(libc_a-findfp.o)
 .ARM.attributes
                0x0000048c       0x2c E:/Programy/STM32CubeIDE_1.13.2/STM32CubeIDE/plugins/com.st.stm32cube.ide.mcu.externaltools.gnu-tools-for-stm32.12.3.rel1.win32_1.0.100.202403111256/tools/bin/../lib/gcc/arm-none-eabi/12.3.1/../../../../arm-none-eabi/lib/thumb/v6-m/nofp\libc_nano.a(libc_a-fwalk.o)
 .ARM.attributes
                0x000004b8       0x2c E:/Programy/STM32CubeIDE_1.13.2/STM32CubeIDE/plugins/com.st.stm32cube.ide.mcu.externaltools.gnu-tools-for-stm32.12.3.rel1.win32_1.0.100.202403111256/tools/bin/../lib/gcc/arm-none-eabi/12.3.1/../../../../arm-none-eabi/lib/thumb/v6-m/nofp\libc_nano.a(libc_a-printf.o)
 .ARM.attributes
                0x000004e4       0x2c E:/Programy/STM32CubeIDE_1.13.2/STM32CubeIDE/plugins/com.st.stm32cube.ide.mcu.externaltools.gnu-tools-for-stm32.12.3.rel1.win32_1.0.100.202403111256/tools/bin/../lib/gcc/arm-none-eabi/12.3.1/../../../../arm-none-eabi/lib/thumb/v6-m/nofp\libc_nano.a(libc_a-stdio.o)
 .ARM.attributes
                0x00000510       0x2c E:/Programy/STM32CubeIDE_1.13.2/STM32CubeIDE/plugins/com.st.stm32cube.ide.mcu.externaltools.gnu-tools-for-stm32.12.3.rel1.win32_1.0.100.202403111256/tools/bin/../lib/gcc/arm-none-eabi/12.3.1/../../../../arm-none-eabi/lib/thumb/v6-m/nofp\libc_nano.a(libc_a-memset.o)
 .ARM.attributes
                0x0000053c       0x2c E:/Programy/STM32CubeIDE_1.13.2/STM32CubeIDE/plugins/com.st.stm32cube.ide.mcu.externaltools.gnu-tools-for-stm32.12.3.rel1.win32_1.0.100.202403111256/tools/bin/../lib/gcc/arm-none-eabi/12.3.1/../../../../arm-none-eabi/lib/thumb/v6-m/nofp\libc_nano.a(libc_a-closer.o)
 .ARM.attributes
                0x00000568       0x2c E:/Programy/STM32CubeIDE_1.13.2/STM32CubeIDE/plugins/com.st.stm32cube.ide.mcu.externaltools.gnu-tools-for-stm32.12.3.rel1.win32_1.0.100.202403111256/tools/bin/../lib/gcc/arm-none-eabi/12.3.1/../../../../arm-none-eabi/lib/thumb/v6-m/nofp\libc_nano.a(libc_a-reent.o)
 .ARM.attributes
                0x00000594       0x2c E:/Programy/STM32CubeIDE_1.13.2/STM32CubeIDE/plugins/com.st.stm32cube.ide.mcu.externaltools.gnu-tools-for-stm32.12.3.rel1.win32_1.0.100.202403111256/tools/bin/../lib/gcc/arm-none-eabi/12.3.1/../../../../arm-none-eabi/lib/thumb/v6-m/nofp\libc_nano.a(libc_a-impure.o)
 .ARM.attributes
                0x000005c0       0x2c E:/Programy/STM32CubeIDE_1.13.2/STM32CubeIDE/plugins/com.st.stm32cube.ide.mcu.externaltools.gnu-tools-for-stm32.12.3.rel1.win32_1.0.100.202403111256/tools/bin/../lib/gcc/arm-none-eabi/12.3.1/../../../../arm-none-eabi/lib/thumb/v6-m/nofp\libc_nano.a(libc_a-lseekr.o)
 .ARM.attributes
                0x000005ec       0x2c E:/Programy/STM32CubeIDE_1.13.2/STM32CubeIDE/plugins/com.st.stm32cube.ide.mcu.externaltools.gnu-tools-for-stm32.12.3.rel1.win32_1.0.100.202403111256/tools/bin/../lib/gcc/arm-none-eabi/12.3.1/../../../../arm-none-eabi/lib/thumb/v6-m/nofp\libc_nano.a(libc_a-readr.o)
 .ARM.attributes
                0x00000618       0x2c E:/Programy/STM32CubeIDE_1.13.2/STM32CubeIDE/plugins/com.st.stm32cube.ide.mcu.externaltools.gnu-tools-for-stm32.12.3.rel1.win32_1.0.100.202403111256/tools/bin/../lib/gcc/arm-none-eabi/12.3.1/../../../../arm-none-eabi/lib/thumb/v6-m/nofp\libc_nano.a(libc_a-writer.o)
 .ARM.attributes
                0x00000644       0x2c E:/Programy/STM32CubeIDE_1.13.2/STM32CubeIDE/plugins/com.st.stm32cube.ide.mcu.externaltools.gnu-tools-for-stm32.12.3.rel1.win32_1.0.100.202403111256/tools/bin/../lib/gcc/arm-none-eabi/12.3.1/../../../../arm-none-eabi/lib/thumb/v6-m/nofp\libc_nano.a(libc_a-errno.o)
 .ARM.attributes
                0x00000670       0x2c E:/Programy/STM32CubeIDE_1.13.2/STM32CubeIDE/plugins/com.st.stm32cube.ide.mcu.externaltools.gnu-tools-for-stm32.12.3.rel1.win32_1.0.100.202403111256/tools/bin/../lib/gcc/arm-none-eabi/12.3.1/../../../../arm-none-eabi/lib/thumb/v6-m/nofp\libc_nano.a(libc_a-init.o)
 .ARM.attributes
                0x0000069c       0x2c E:/Programy/STM32CubeIDE_1.13.2/STM32CubeIDE/plugins/com.st.stm32cube.ide.mcu.externaltools.gnu-tools-for-stm32.12.3.rel1.win32_1.0.100.202403111256/tools/bin/../lib/gcc/arm-none-eabi/12.3.1/../../../../arm-none-eabi/lib/thumb/v6-m/nofp\libc_nano.a(libc_a-lock.o)
 .ARM.attributes
                0x000006c8       0x1c E:/Programy/STM32CubeIDE_1.13.2/STM32CubeIDE/plugins/com.st.stm32cube.ide.mcu.externaltools.gnu-tools-for-stm32.12.3.rel1.win32_1.0.100.202403111256/tools/bin/../lib/gcc/arm-none-eabi/12.3.1/../../../../arm-none-eabi/lib/thumb/v6-m/nofp\libc_nano.a(libc_a-strcmp.o)
 .ARM.attributes
                0x000006e4       0x2c E:/Programy/STM32CubeIDE_1.13.2/STM32CubeIDE/plugins/com.st.stm32cube.ide.mcu.externaltools.gnu-tools-for-stm32.12.3.rel1.win32_1.0.100.202403111256/tools/bin/../lib/gcc/arm-none-eabi/12.3.1/../../../../arm-none-eabi/lib/thumb/v6-m/nofp\libc_nano.a(libc_a-freer.o)
 .ARM.attributes
                0x00000710       0x2c E:/Programy/STM32CubeIDE_1.13.2/STM32CubeIDE/plugins/com.st.stm32cube.ide.mcu.externaltools.gnu-tools-for-stm32.12.3.rel1.win32_1.0.100.202403111256/tools/bin/../lib/gcc/arm-none-eabi/12.3.1/../../../../arm-none-eabi/lib/thumb/v6-m/nofp\libc_nano.a(libc_a-mallocr.o)
 .ARM.attributes
                0x0000073c       0x2c E:/Programy/STM32CubeIDE_1.13.2/STM32CubeIDE/plugins/com.st.stm32cube.ide.mcu.externaltools.gnu-tools-for-stm32.12.3.rel1.win32_1.0.100.202403111256/tools/bin/../lib/gcc/arm-none-eabi/12.3.1/../../../../arm-none-eabi/lib/thumb/v6-m/nofp\libc_nano.a(libc_a-mlock.o)
 .ARM.attributes
                0x00000768       0x2c E:/Programy/STM32CubeIDE_1.13.2/STM32CubeIDE/plugins/com.st.stm32cube.ide.mcu.externaltools.gnu-tools-for-stm32.12.3.rel1.win32_1.0.100.202403111256/tools/bin/../lib/gcc/arm-none-eabi/12.3.1/../../../../arm-none-eabi/lib/thumb/v6-m/nofp\libc_nano.a(libc_a-nano-vfprintf.o)
 .ARM.attributes
                0x00000794       0x2c E:/Programy/STM32CubeIDE_1.13.2/STM32CubeIDE/plugins/com.st.stm32cube.ide.mcu.externaltools.gnu-tools-for-stm32.12.3.rel1.win32_1.0.100.202403111256/tools/bin/../lib/gcc/arm-none-eabi/12.3.1/../../../../arm-none-eabi/lib/thumb/v6-m/nofp\libc_nano.a(libc_a-nano-vfprintf_i.o)
 .ARM.attributes
                0x000007c0       0x2c E:/Programy/STM32CubeIDE_1.13.2/STM32CubeIDE/plugins/com.st.stm32cube.ide.mcu.externaltools.gnu-tools-for-stm32.12.3.rel1.win32_1.0.100.202403111256/tools/bin/../lib/gcc/arm-none-eabi/12.3.1/../../../../arm-none-eabi/lib/thumb/v6-m/nofp\libc_nano.a(libc_a-fflush.o)
 .ARM.attributes
                0x000007ec       0x2c E:/Programy/STM32CubeIDE_1.13.2/STM32CubeIDE/plugins/com.st.stm32cube.ide.mcu.externaltools.gnu-tools-for-stm32.12.3.rel1.win32_1.0.100.202403111256/tools/bin/../lib/gcc/arm-none-eabi/12.3.1/../../../../arm-none-eabi/lib/thumb/v6-m/nofp\libc_nano.a(libc_a-wbuf.o)
 .ARM.attributes
                0x00000818       0x2c E:/Programy/STM32CubeIDE_1.13.2/STM32CubeIDE/plugins/com.st.stm32cube.ide.mcu.externaltools.gnu-tools-for-stm32.12.3.rel1.win32_1.0.100.202403111256/tools/bin/../lib/gcc/arm-none-eabi/12.3.1/../../../../arm-none-eabi/lib/thumb/v6-m/nofp\libc_nano.a(libc_a-wsetup.o)
 .ARM.attributes
                0x00000844       0x2c E:/Programy/STM32CubeIDE_1.13.2/STM32CubeIDE/plugins/com.st.stm32cube.ide.mcu.externaltools.gnu-tools-for-stm32.12.3.rel1.win32_1.0.100.202403111256/tools/bin/../lib/gcc/arm-none-eabi/12.3.1/../../../../arm-none-eabi/lib/thumb/v6-m/nofp\libc_nano.a(libc_a-sbrkr.o)
 .ARM.attributes
                0x00000870       0x2c E:/Programy/STM32CubeIDE_1.13.2/STM32CubeIDE/plugins/com.st.stm32cube.ide.mcu.externaltools.gnu-tools-for-stm32.12.3.rel1.win32_1.0.100.202403111256/tools/bin/../lib/gcc/arm-none-eabi/12.3.1/../../../../arm-none-eabi/lib/thumb/v6-m/nofp\libc_nano.a(libc_a-memchr-stub.o)
 .ARM.attributes
                0x0000089c       0x2c E:/Programy/STM32CubeIDE_1.13.2/STM32CubeIDE/plugins/com.st.stm32cube.ide.mcu.externaltools.gnu-tools-for-stm32.12.3.rel1.win32_1.0.100.202403111256/tools/bin/../lib/gcc/arm-none-eabi/12.3.1/../../../../arm-none-eabi/lib/thumb/v6-m/nofp\libc_nano.a(libc_a-makebuf.o)
 .ARM.attributes
                0x000008c8       0x2c E:/Programy/STM32CubeIDE_1.13.2/STM32CubeIDE/plugins/com.st.stm32cube.ide.mcu.externaltools.gnu-tools-for-stm32.12.3.rel1.win32_1.0.100.202403111256/tools/bin/../lib/gcc/arm-none-eabi/12.3.1/../../../../arm-none-eabi/lib/thumb/v6-m/nofp\libc_nano.a(libc_a-fstatr.o)
 .ARM.attributes
                0x000008f4       0x2c E:/Programy/STM32CubeIDE_1.13.2/STM32CubeIDE/plugins/com.st.stm32cube.ide.mcu.externaltools.gnu-tools-for-stm32.12.3.rel1.win32_1.0.100.202403111256/tools/bin/../lib/gcc/arm-none-eabi/12.3.1/../../../../arm-none-eabi/lib/thumb/v6-m/nofp\libc_nano.a(libc_a-isattyr.o)
 .ARM.attributes
                0x00000920       0x1e E:/Programy/STM32CubeIDE_1.13.2/STM32CubeIDE/plugins/com.st.stm32cube.ide.mcu.externaltools.gnu-tools-for-stm32.12.3.rel1.win32_1.0.100.202403111256/tools/bin/../lib/gcc/arm-none-eabi/12.3.1/thumb/v6-m/nofp\libgcc.a(_thumb1_case_shi.o)
 .ARM.attributes
                0x0000093e       0x1e E:/Programy/STM32CubeIDE_1.13.2/STM32CubeIDE/plugins/com.st.stm32cube.ide.mcu.externaltools.gnu-tools-for-stm32.12.3.rel1.win32_1.0.100.202403111256/tools/bin/../lib/gcc/arm-none-eabi/12.3.1/thumb/v6-m/nofp\libgcc.a(_udivsi3.o)
 .ARM.attributes
                0x0000095c       0x1e E:/Programy/STM32CubeIDE_1.13.2/STM32CubeIDE/plugins/com.st.stm32cube.ide.mcu.externaltools.gnu-tools-for-stm32.12.3.rel1.win32_1.0.100.202403111256/tools/bin/../lib/gcc/arm-none-eabi/12.3.1/thumb/v6-m/nofp\libgcc.a(_dvmd_tls.o)
 .ARM.attributes
                0x0000097a       0x1e E:/Programy/STM32CubeIDE_1.13.2/STM32CubeIDE/plugins/com.st.stm32cube.ide.mcu.externaltools.gnu-tools-for-stm32.12.3.rel1.win32_1.0.100.202403111256/tools/bin/../lib/gcc/arm-none-eabi/12.3.1/thumb/v6-m/nofp/crtn.o
OUTPUT(LED_Matrix_4_Digits.elf elf32-littlearm)
LOAD linker stubs
LOAD E:/Programy/STM32CubeIDE_1.13.2/STM32CubeIDE/plugins/com.st.stm32cube.ide.mcu.externaltools.gnu-tools-for-stm32.12.3.rel1.win32_1.0.100.202403111256/tools/bin/../lib/gcc/arm-none-eabi/12.3.1/../../../../arm-none-eabi/lib/thumb/v6-m/nofp\libc.a
LOAD E:/Programy/STM32CubeIDE_1.13.2/STM32CubeIDE/plugins/com.st.stm32cube.ide.mcu.externaltools.gnu-tools-for-stm32.12.3.rel1.win32_1.0.100.202403111256/tools/bin/../lib/gcc/arm-none-eabi/12.3.1/../../../../arm-none-eabi/lib/thumb/v6-m/nofp\libm.a
LOAD E:/Programy/STM32CubeIDE_1.13.2/STM32CubeIDE/plugins/com.st.stm32cube.ide.mcu.externaltools.gnu-tools-for-stm32.12.3.rel1.win32_1.0.100.202403111256/tools/bin/../lib/gcc/arm-none-eabi/12.3.1/thumb/v6-m/nofp\libgcc.a

.debug_info     0x00000000    0x10a8f
 .debug_info    0x00000000      0x1b9 ./Core/Src/Dot.o
 .debug_info    0x000001b9      0x825 ./Core/Src/LedDriver.o
 .debug_info    0x000009de      0x2fb ./Core/Src/Matrix.o
 .debug_info    0x00000cd9     0x16e5 ./Core/Src/main.o
 .debug_info    0x000023be     0x1359 ./Core/Src/stm32g0xx_hal_msp.o
 .debug_info    0x00003717      0x704 ./Core/Src/stm32g0xx_it.o
 .debug_info    0x00003e1b      0x6a3 ./Core/Src/syscalls.o
 .debug_info    0x000044be      0x168 ./Core/Src/sysmem.o
 .debug_info    0x00004626      0x316 ./Core/Src/system_stm32g0xx.o
 .debug_info    0x0000493c       0x30 ./Core/Startup/startup_stm32g030f6px.o
 .debug_info    0x0000496c      0x8f0 ./Drivers/STM32G0xx_HAL_Driver/Src/stm32g0xx_hal.o
 .debug_info    0x0000525c      0x8a9 ./Drivers/STM32G0xx_HAL_Driver/Src/stm32g0xx_hal_cortex.o
 .debug_info    0x00005b05      0x86b ./Drivers/STM32G0xx_HAL_Driver/Src/stm32g0xx_hal_dma.o
 .debug_info    0x00006370      0x59d ./Drivers/STM32G0xx_HAL_Driver/Src/stm32g0xx_hal_gpio.o
 .debug_info    0x0000690d     0x21bc ./Drivers/STM32G0xx_HAL_Driver/Src/stm32g0xx_hal_i2c.o
 .debug_info    0x00008ac9      0x9d9 ./Drivers/STM32G0xx_HAL_Driver/Src/stm32g0xx_hal_i2c_ex.o
 .debug_info    0x000094a2      0x496 ./Drivers/STM32G0xx_HAL_Driver/Src/stm32g0xx_hal_pwr_ex.o
 .debug_info    0x00009938      0xad0 ./Drivers/STM32G0xx_HAL_Driver/Src/stm32g0xx_hal_rcc.o
 .debug_info    0x0000a408      0x72b ./Drivers/STM32G0xx_HAL_Driver/Src/stm32g0xx_hal_rcc_ex.o
 .debug_info    0x0000ab33     0x1720 ./Drivers/STM32G0xx_HAL_Driver/Src/stm32g0xx_hal_spi.o
 .debug_info    0x0000c253     0x483c ./Drivers/STM32G0xx_HAL_Driver/Src/stm32g0xx_hal_uart.o

.debug_abbrev   0x00000000     0x2893
 .debug_abbrev  0x00000000      0x114 ./Core/Src/Dot.o
 .debug_abbrev  0x00000114      0x1e1 ./Core/Src/LedDriver.o
 .debug_abbrev  0x000002f5      0x133 ./Core/Src/Matrix.o
 .debug_abbrev  0x00000428      0x2fe ./Core/Src/main.o
 .debug_abbrev  0x00000726      0x23d ./Core/Src/stm32g0xx_hal_msp.o
 .debug_abbrev  0x00000963      0x1a5 ./Core/Src/stm32g0xx_it.o
 .debug_abbrev  0x00000b08      0x1b6 ./Core/Src/syscalls.o
 .debug_abbrev  0x00000cbe       0xbc ./Core/Src/sysmem.o
 .debug_abbrev  0x00000d7a      0x119 ./Core/Src/system_stm32g0xx.o
 .debug_abbrev  0x00000e93       0x24 ./Core/Startup/startup_stm32g030f6px.o
 .debug_abbrev  0x00000eb7      0x2b4 ./Drivers/STM32G0xx_HAL_Driver/Src/stm32g0xx_hal.o
 .debug_abbrev  0x0000116b      0x2ab ./Drivers/STM32G0xx_HAL_Driver/Src/stm32g0xx_hal_cortex.o
 .debug_abbrev  0x00001416      0x1e1 ./Drivers/STM32G0xx_HAL_Driver/Src/stm32g0xx_hal_dma.o
 .debug_abbrev  0x000015f7      0x1c3 ./Drivers/STM32G0xx_HAL_Driver/Src/stm32g0xx_hal_gpio.o
 .debug_abbrev  0x000017ba      0x291 ./Drivers/STM32G0xx_HAL_Driver/Src/stm32g0xx_hal_i2c.o
 .debug_abbrev  0x00001a4b      0x1ea ./Drivers/STM32G0xx_HAL_Driver/Src/stm32g0xx_hal_i2c_ex.o
 .debug_abbrev  0x00001c35      0x1d7 ./Drivers/STM32G0xx_HAL_Driver/Src/stm32g0xx_hal_pwr_ex.o
 .debug_abbrev  0x00001e0c      0x2a9 ./Drivers/STM32G0xx_HAL_Driver/Src/stm32g0xx_hal_rcc.o
 .debug_abbrev  0x000020b5      0x229 ./Drivers/STM32G0xx_HAL_Driver/Src/stm32g0xx_hal_rcc_ex.o
 .debug_abbrev  0x000022de      0x28f ./Drivers/STM32G0xx_HAL_Driver/Src/stm32g0xx_hal_spi.o
 .debug_abbrev  0x0000256d      0x326 ./Drivers/STM32G0xx_HAL_Driver/Src/stm32g0xx_hal_uart.o

.debug_aranges  0x00000000      0xe28
 .debug_aranges
                0x00000000       0x38 ./Core/Src/Dot.o
 .debug_aranges
                0x00000038       0x38 ./Core/Src/LedDriver.o
 .debug_aranges
                0x00000070       0x30 ./Core/Src/Matrix.o
 .debug_aranges
                0x000000a0       0x80 ./Core/Src/main.o
 .debug_aranges
                0x00000120       0x50 ./Core/Src/stm32g0xx_hal_msp.o
 .debug_aranges
                0x00000170       0x48 ./Core/Src/stm32g0xx_it.o
 .debug_aranges
                0x000001b8       0xa8 ./Core/Src/syscalls.o
 .debug_aranges
                0x00000260       0x20 ./Core/Src/sysmem.o
 .debug_aranges
                0x00000280       0x28 ./Core/Src/system_stm32g0xx.o
 .debug_aranges
                0x000002a8       0x28 ./Core/Startup/startup_stm32g030f6px.o
 .debug_aranges
                0x000002d0      0x100 ./Drivers/STM32G0xx_HAL_Driver/Src/stm32g0xx_hal.o
 .debug_aranges
                0x000003d0       0xe8 ./Drivers/STM32G0xx_HAL_Driver/Src/stm32g0xx_hal_cortex.o
 .debug_aranges
                0x000004b8       0x90 ./Drivers/STM32G0xx_HAL_Driver/Src/stm32g0xx_hal_dma.o
 .debug_aranges
                0x00000548       0x60 ./Drivers/STM32G0xx_HAL_Driver/Src/stm32g0xx_hal_gpio.o
 .debug_aranges
                0x000005a8      0x2a0 ./Drivers/STM32G0xx_HAL_Driver/Src/stm32g0xx_hal_i2c.o
 .debug_aranges
                0x00000848       0x48 ./Drivers/STM32G0xx_HAL_Driver/Src/stm32g0xx_hal_i2c_ex.o
 .debug_aranges
                0x00000890       0x98 ./Drivers/STM32G0xx_HAL_Driver/Src/stm32g0xx_hal_pwr_ex.o
 .debug_aranges
                0x00000928       0xa0 ./Drivers/STM32G0xx_HAL_Driver/Src/stm32g0xx_hal_rcc.o
 .debug_aranges
                0x000009c8       0x40 ./Drivers/STM32G0xx_HAL_Driver/Src/stm32g0xx_hal_rcc_ex.o
 .debug_aranges
                0x00000a08      0x1d8 ./Drivers/STM32G0xx_HAL_Driver/Src/stm32g0xx_hal_spi.o
 .debug_aranges
                0x00000be0      0x248 ./Drivers/STM32G0xx_HAL_Driver/Src/stm32g0xx_hal_uart.o

.debug_rnglists
                0x00000000      0xb04
 .debug_rnglists
                0x00000000       0x25 ./Core/Src/Dot.o
 .debug_rnglists
                0x00000025       0x27 ./Core/Src/LedDriver.o
 .debug_rnglists
                0x0000004c       0x20 ./Core/Src/Matrix.o
 .debug_rnglists
                0x0000006c       0x63 ./Core/Src/main.o
 .debug_rnglists
                0x000000cf       0x3b ./Core/Src/stm32g0xx_hal_msp.o
 .debug_rnglists
                0x0000010a       0x31 ./Core/Src/stm32g0xx_it.o
 .debug_rnglists
                0x0000013b       0x79 ./Core/Src/syscalls.o
 .debug_rnglists
                0x000001b4       0x13 ./Core/Src/sysmem.o
 .debug_rnglists
                0x000001c7       0x1a ./Core/Src/system_stm32g0xx.o
 .debug_rnglists
                0x000001e1       0x19 ./Core/Startup/startup_stm32g030f6px.o
 .debug_rnglists
                0x000001fa       0xbc ./Drivers/STM32G0xx_HAL_Driver/Src/stm32g0xx_hal.o
 .debug_rnglists
                0x000002b6       0xaa ./Drivers/STM32G0xx_HAL_Driver/Src/stm32g0xx_hal_cortex.o
 .debug_rnglists
                0x00000360       0x72 ./Drivers/STM32G0xx_HAL_Driver/Src/stm32g0xx_hal_dma.o
 .debug_rnglists
                0x000003d2       0x45 ./Drivers/STM32G0xx_HAL_Driver/Src/stm32g0xx_hal_gpio.o
 .debug_rnglists
                0x00000417      0x229 ./Drivers/STM32G0xx_HAL_Driver/Src/stm32g0xx_hal_i2c.o
 .debug_rnglists
                0x00000640       0x35 ./Drivers/STM32G0xx_HAL_Driver/Src/stm32g0xx_hal_i2c_ex.o
 .debug_rnglists
                0x00000675       0x72 ./Drivers/STM32G0xx_HAL_Driver/Src/stm32g0xx_hal_pwr_ex.o
 .debug_rnglists
                0x000006e7       0x79 ./Drivers/STM32G0xx_HAL_Driver/Src/stm32g0xx_hal_rcc.o
 .debug_rnglists
                0x00000760       0x2f ./Drivers/STM32G0xx_HAL_Driver/Src/stm32g0xx_hal_rcc_ex.o
 .debug_rnglists
                0x0000078f      0x17a ./Drivers/STM32G0xx_HAL_Driver/Src/stm32g0xx_hal_spi.o
 .debug_rnglists
                0x00000909      0x1fb ./Drivers/STM32G0xx_HAL_Driver/Src/stm32g0xx_hal_uart.o

.debug_macro    0x00000000    0x16b4f
 .debug_macro   0x00000000      0x215 ./Core/Src/Dot.o
 .debug_macro   0x00000215      0xa8a ./Core/Src/Dot.o
 .debug_macro   0x00000c9f      0x123 ./Core/Src/Dot.o
 .debug_macro   0x00000dc2       0x2e ./Core/Src/Dot.o
 .debug_macro   0x00000df0       0x28 ./Core/Src/Dot.o
 .debug_macro   0x00000e18       0x22 ./Core/Src/Dot.o
 .debug_macro   0x00000e3a       0x8e ./Core/Src/Dot.o
 .debug_macro   0x00000ec8       0x51 ./Core/Src/Dot.o
 .debug_macro   0x00000f19      0x103 ./Core/Src/Dot.o
 .debug_macro   0x0000101c       0x6a ./Core/Src/Dot.o
 .debug_macro   0x00001086      0x1df ./Core/Src/Dot.o
 .debug_macro   0x00001265       0x1c ./Core/Src/Dot.o
 .debug_macro   0x00001281       0x22 ./Core/Src/Dot.o
 .debug_macro   0x000012a3       0xd1 ./Core/Src/Dot.o
 .debug_macro   0x00001374      0x4da ./Core/Src/Dot.o
 .debug_macro   0x0000184e      0x11f ./Core/Src/Dot.o
 .debug_macro   0x0000196d     0xa0e8 ./Core/Src/Dot.o
 .debug_macro   0x0000ba55       0x66 ./Core/Src/Dot.o
 .debug_macro   0x0000babb     0x350e ./Core/Src/Dot.o
 .debug_macro   0x0000efc9      0x189 ./Core/Src/Dot.o
 .debug_macro   0x0000f152       0x5c ./Core/Src/Dot.o
 .debug_macro   0x0000f1ae      0x462 ./Core/Src/Dot.o
 .debug_macro   0x0000f610      0xe1a ./Core/Src/Dot.o
 .debug_macro   0x0001042a      0x106 ./Core/Src/Dot.o
 .debug_macro   0x00010530      0x1cf ./Core/Src/Dot.o
 .debug_macro   0x000106ff       0xff ./Core/Src/Dot.o
 .debug_macro   0x000107fe      0x33c ./Core/Src/Dot.o
 .debug_macro   0x00010b3a      0x202 ./Core/Src/Dot.o
 .debug_macro   0x00010d3c      0x2c7 ./Core/Src/Dot.o
 .debug_macro   0x00011003      0x198 ./Core/Src/Dot.o
 .debug_macro   0x0001119b       0x43 ./Core/Src/Dot.o
 .debug_macro   0x000111de      0x1f1 ./Core/Src/Dot.o
 .debug_macro   0x000113cf      0x1d6 ./Core/Src/Dot.o
 .debug_macro   0x000115a5      0x2a3 ./Core/Src/Dot.o
 .debug_macro   0x00011848       0x28 ./Core/Src/Dot.o
 .debug_macro   0x00011870       0xcf ./Core/Src/Dot.o
 .debug_macro   0x0001193f      0x22c ./Core/Src/Dot.o
 .debug_macro   0x00011b6b       0x67 ./Core/Src/Dot.o
 .debug_macro   0x00011bd2       0xa5 ./Core/Src/Dot.o
 .debug_macro   0x00011c77       0xff ./Core/Src/Dot.o
 .debug_macro   0x00011d76      0x10d ./Core/Src/Dot.o
 .debug_macro   0x00011e83      0x2fe ./Core/Src/Dot.o
 .debug_macro   0x00012181      0x693 ./Core/Src/Dot.o
 .debug_macro   0x00012814       0xa6 ./Core/Src/Dot.o
 .debug_macro   0x000128ba      0x412 ./Core/Src/Dot.o
 .debug_macro   0x00012ccc       0x22 ./Core/Src/Dot.o
 .debug_macro   0x00012cee       0x10 ./Core/Src/Dot.o
 .debug_macro   0x00012cfe      0x202 ./Core/Src/LedDriver.o
 .debug_macro   0x00012f00      0x220 ./Core/Src/Matrix.o
 .debug_macro   0x00013120      0x364 ./Core/Src/main.o
 .debug_macro   0x00013484       0x1c ./Core/Src/main.o
 .debug_macro   0x000134a0       0x61 ./Core/Src/main.o
 .debug_macro   0x00013501       0x24 ./Core/Src/main.o
 .debug_macro   0x00013525       0x43 ./Core/Src/main.o
 .debug_macro   0x00013568       0x34 ./Core/Src/main.o
 .debug_macro   0x0001359c       0x16 ./Core/Src/main.o
 .debug_macro   0x000135b2       0x43 ./Core/Src/main.o
 .debug_macro   0x000135f5       0x34 ./Core/Src/main.o
 .debug_macro   0x00013629       0x10 ./Core/Src/main.o
 .debug_macro   0x00013639       0x58 ./Core/Src/main.o
 .debug_macro   0x00013691       0x8e ./Core/Src/main.o
 .debug_macro   0x0001371f       0x1c ./Core/Src/main.o
 .debug_macro   0x0001373b      0x177 ./Core/Src/main.o
 .debug_macro   0x000138b2      0x369 ./Core/Src/main.o
 .debug_macro   0x00013c1b       0x10 ./Core/Src/main.o
 .debug_macro   0x00013c2b       0x35 ./Core/Src/main.o
 .debug_macro   0x00013c60       0x20 ./Core/Src/main.o
 .debug_macro   0x00013c80       0x1c ./Core/Src/main.o
 .debug_macro   0x00013c9c       0x10 ./Core/Src/main.o
 .debug_macro   0x00013cac       0x1c ./Core/Src/main.o
 .debug_macro   0x00013cc8       0x16 ./Core/Src/main.o
 .debug_macro   0x00013cde      0x146 ./Core/Src/main.o
 .debug_macro   0x00013e24       0x16 ./Core/Src/main.o
 .debug_macro   0x00013e3a       0x16 ./Core/Src/main.o
 .debug_macro   0x00013e50       0x29 ./Core/Src/main.o
 .debug_macro   0x00013e79      0x208 ./Core/Src/stm32g0xx_hal_msp.o
 .debug_macro   0x00014081      0x212 ./Core/Src/stm32g0xx_it.o
 .debug_macro   0x00014293      0x274 ./Core/Src/syscalls.o
 .debug_macro   0x00014507       0x5b ./Core/Src/syscalls.o
 .debug_macro   0x00014562       0x94 ./Core/Src/syscalls.o
 .debug_macro   0x000145f6       0x57 ./Core/Src/syscalls.o
 .debug_macro   0x0001464d       0x10 ./Core/Src/syscalls.o
 .debug_macro   0x0001465d       0x10 ./Core/Src/syscalls.o
 .debug_macro   0x0001466d       0x10 ./Core/Src/syscalls.o
 .debug_macro   0x0001467d       0x10 ./Core/Src/syscalls.o
 .debug_macro   0x0001468d       0x1c ./Core/Src/syscalls.o
 .debug_macro   0x000146a9       0x52 ./Core/Src/syscalls.o
 .debug_macro   0x000146fb       0x22 ./Core/Src/syscalls.o
 .debug_macro   0x0001471d       0x10 ./Core/Src/syscalls.o
 .debug_macro   0x0001472d       0x52 ./Core/Src/syscalls.o
 .debug_macro   0x0001477f       0xcf ./Core/Src/syscalls.o
 .debug_macro   0x0001484e       0x1c ./Core/Src/syscalls.o
 .debug_macro   0x0001486a       0x3d ./Core/Src/syscalls.o
 .debug_macro   0x000148a7       0x35 ./Core/Src/syscalls.o
 .debug_macro   0x000148dc      0x12c ./Core/Src/syscalls.o
 .debug_macro   0x00014a08       0x10 ./Core/Src/syscalls.o
 .debug_macro   0x00014a18      0x242 ./Core/Src/syscalls.o
 .debug_macro   0x00014c5a       0x10 ./Core/Src/syscalls.o
 .debug_macro   0x00014c6a      0x18a ./Core/Src/syscalls.o
 .debug_macro   0x00014df4       0x16 ./Core/Src/syscalls.o
 .debug_macro   0x00014e0a       0xce ./Core/Src/syscalls.o
 .debug_macro   0x00014ed8       0xff ./Core/Src/sysmem.o
 .debug_macro   0x00014fd7      0x23c ./Core/Src/sysmem.o
 .debug_macro   0x00015213      0x1f9 ./Core/Src/system_stm32g0xx.o
 .debug_macro   0x0001540c      0x217 ./Drivers/STM32G0xx_HAL_Driver/Src/stm32g0xx_hal.o
 .debug_macro   0x00015623      0x1f9 ./Drivers/STM32G0xx_HAL_Driver/Src/stm32g0xx_hal_cortex.o
 .debug_macro   0x0001581c      0x1f9 ./Drivers/STM32G0xx_HAL_Driver/Src/stm32g0xx_hal_dma.o
 .debug_macro   0x00015a15      0x200 ./Drivers/STM32G0xx_HAL_Driver/Src/stm32g0xx_hal_gpio.o
 .debug_macro   0x00015c15      0x2c5 ./Drivers/STM32G0xx_HAL_Driver/Src/stm32g0xx_hal_i2c.o
 .debug_macro   0x00015eda      0x1f9 ./Drivers/STM32G0xx_HAL_Driver/Src/stm32g0xx_hal_i2c_ex.o
 .debug_macro   0x000160d3      0x20b ./Drivers/STM32G0xx_HAL_Driver/Src/stm32g0xx_hal_pwr_ex.o
 .debug_macro   0x000162de      0x23b ./Drivers/STM32G0xx_HAL_Driver/Src/stm32g0xx_hal_rcc.o
 .debug_macro   0x00016519      0x211 ./Drivers/STM32G0xx_HAL_Driver/Src/stm32g0xx_hal_rcc_ex.o
 .debug_macro   0x0001672a      0x201 ./Drivers/STM32G0xx_HAL_Driver/Src/stm32g0xx_hal_spi.o
 .debug_macro   0x0001692b      0x224 ./Drivers/STM32G0xx_HAL_Driver/Src/stm32g0xx_hal_uart.o

.debug_line     0x00000000    0x13f44
 .debug_line    0x00000000      0x819 ./Core/Src/Dot.o
 .debug_line    0x00000819      0x8a1 ./Core/Src/LedDriver.o
 .debug_line    0x000010ba      0x8b2 ./Core/Src/Matrix.o
 .debug_line    0x0000196c      0xe17 ./Core/Src/main.o
 .debug_line    0x00002783      0x8db ./Core/Src/stm32g0xx_hal_msp.o
 .debug_line    0x0000305e      0x827 ./Core/Src/stm32g0xx_it.o
 .debug_line    0x00003885      0x989 ./Core/Src/syscalls.o
 .debug_line    0x0000420e      0x65a ./Core/Src/sysmem.o
 .debug_line    0x00004868      0x81d ./Core/Src/system_stm32g0xx.o
 .debug_line    0x00005085       0x7b ./Core/Startup/startup_stm32g030f6px.o
 .debug_line    0x00005100      0xad8 ./Drivers/STM32G0xx_HAL_Driver/Src/stm32g0xx_hal.o
 .debug_line    0x00005bd8      0xbf8 ./Drivers/STM32G0xx_HAL_Driver/Src/stm32g0xx_hal_cortex.o
 .debug_line    0x000067d0      0xdfa ./Drivers/STM32G0xx_HAL_Driver/Src/stm32g0xx_hal_dma.o
 .debug_line    0x000075ca      0xbdc ./Drivers/STM32G0xx_HAL_Driver/Src/stm32g0xx_hal_gpio.o
 .debug_line    0x000081a6     0x3a95 ./Drivers/STM32G0xx_HAL_Driver/Src/stm32g0xx_hal_i2c.o
 .debug_line    0x0000bc3b      0x9c8 ./Drivers/STM32G0xx_HAL_Driver/Src/stm32g0xx_hal_i2c_ex.o
 .debug_line    0x0000c603      0x9ee ./Drivers/STM32G0xx_HAL_Driver/Src/stm32g0xx_hal_pwr_ex.o
 .debug_line    0x0000cff1      0xf66 ./Drivers/STM32G0xx_HAL_Driver/Src/stm32g0xx_hal_rcc.o
 .debug_line    0x0000df57      0xb2a ./Drivers/STM32G0xx_HAL_Driver/Src/stm32g0xx_hal_rcc_ex.o
 .debug_line    0x0000ea81     0x1fa6 ./Drivers/STM32G0xx_HAL_Driver/Src/stm32g0xx_hal_spi.o
 .debug_line    0x00010a27     0x351d ./Drivers/STM32G0xx_HAL_Driver/Src/stm32g0xx_hal_uart.o

.debug_str      0x00000000    0x86b68
 .debug_str     0x00000000    0x7ceef ./Core/Src/Dot.o
                              0x7d3e0 (size before relaxing)
 .debug_str     0x0007ceef      0x599 ./Core/Src/LedDriver.o
                              0x7d97a (size before relaxing)
 .debug_str     0x0007d488       0x95 ./Core/Src/Matrix.o
                              0x7d425 (size before relaxing)
 .debug_str     0x0007d51d     0x4133 ./Core/Src/main.o
                              0x81b33 (size before relaxing)
 .debug_str     0x00081650      0x319 ./Core/Src/stm32g0xx_hal_msp.o
                              0x7e163 (size before relaxing)
 .debug_str     0x00081969       0xa5 ./Core/Src/stm32g0xx_it.o
                              0x7d8de (size before relaxing)
 .debug_str     0x00081a0e     0x1fcb ./Core/Src/syscalls.o
                               0x97a4 (size before relaxing)
 .debug_str     0x000839d9       0x6b ./Core/Src/sysmem.o
                               0x5fbc (size before relaxing)
 .debug_str     0x00083a44       0x8e ./Core/Src/system_stm32g0xx.o
                              0x7d455 (size before relaxing)
 .debug_str     0x00083ad2       0x44 ./Core/Startup/startup_stm32g030f6px.o
                                 0x73 (size before relaxing)
 .debug_str     0x00083b16      0x465 ./Drivers/STM32G0xx_HAL_Driver/Src/stm32g0xx_hal.o
                              0x7dae0 (size before relaxing)
 .debug_str     0x00083f7b      0x297 ./Drivers/STM32G0xx_HAL_Driver/Src/stm32g0xx_hal_cortex.o
                              0x7d8a7 (size before relaxing)
 .debug_str     0x00084212      0x2b7 ./Drivers/STM32G0xx_HAL_Driver/Src/stm32g0xx_hal_dma.o
                              0x7d8ef (size before relaxing)
 .debug_str     0x000844c9      0x13d ./Drivers/STM32G0xx_HAL_Driver/Src/stm32g0xx_hal_gpio.o
                              0x7d58a (size before relaxing)
 .debug_str     0x00084606      0xdac ./Drivers/STM32G0xx_HAL_Driver/Src/stm32g0xx_hal_i2c.o
                              0x7e818 (size before relaxing)
 .debug_str     0x000853b2       0xb8 ./Drivers/STM32G0xx_HAL_Driver/Src/stm32g0xx_hal_i2c_ex.o
                              0x7da94 (size before relaxing)
 .debug_str     0x0008546a      0x221 ./Drivers/STM32G0xx_HAL_Driver/Src/stm32g0xx_hal_pwr_ex.o
                              0x7d6a9 (size before relaxing)
 .debug_str     0x0008568b      0x49c ./Drivers/STM32G0xx_HAL_Driver/Src/stm32g0xx_hal_rcc.o
                              0x7db79 (size before relaxing)
 .debug_str     0x00085b27      0x185 ./Drivers/STM32G0xx_HAL_Driver/Src/stm32g0xx_hal_rcc_ex.o
                              0x7d791 (size before relaxing)
 .debug_str     0x00085cac      0x515 ./Drivers/STM32G0xx_HAL_Driver/Src/stm32g0xx_hal_spi.o
                              0x7de3b (size before relaxing)
 .debug_str     0x000861c1      0x9a7 ./Drivers/STM32G0xx_HAL_Driver/Src/stm32g0xx_hal_uart.o
                              0x7e420 (size before relaxing)

.comment        0x00000000       0x43
 .comment       0x00000000       0x43 ./Core/Src/Dot.o
                                 0x44 (size before relaxing)
 .comment       0x00000043       0x44 ./Core/Src/LedDriver.o
 .comment       0x00000043       0x44 ./Core/Src/Matrix.o
 .comment       0x00000043       0x44 ./Core/Src/main.o
 .comment       0x00000043       0x44 ./Core/Src/stm32g0xx_hal_msp.o
 .comment       0x00000043       0x44 ./Core/Src/stm32g0xx_it.o
 .comment       0x00000043       0x44 ./Core/Src/syscalls.o
 .comment       0x00000043       0x44 ./Core/Src/sysmem.o
 .comment       0x00000043       0x44 ./Core/Src/system_stm32g0xx.o
 .comment       0x00000043       0x44 ./Drivers/STM32G0xx_HAL_Driver/Src/stm32g0xx_hal.o
 .comment       0x00000043       0x44 ./Drivers/STM32G0xx_HAL_Driver/Src/stm32g0xx_hal_cortex.o
 .comment       0x00000043       0x44 ./Drivers/STM32G0xx_HAL_Driver/Src/stm32g0xx_hal_dma.o
 .comment       0x00000043       0x44 ./Drivers/STM32G0xx_HAL_Driver/Src/stm32g0xx_hal_gpio.o
 .comment       0x00000043       0x44 ./Drivers/STM32G0xx_HAL_Driver/Src/stm32g0xx_hal_i2c.o
 .comment       0x00000043       0x44 ./Drivers/STM32G0xx_HAL_Driver/Src/stm32g0xx_hal_i2c_ex.o
 .comment       0x00000043       0x44 ./Drivers/STM32G0xx_HAL_Driver/Src/stm32g0xx_hal_pwr_ex.o
 .comment       0x00000043       0x44 ./Drivers/STM32G0xx_HAL_Driver/Src/stm32g0xx_hal_rcc.o
 .comment       0x00000043       0x44 ./Drivers/STM32G0xx_HAL_Driver/Src/stm32g0xx_hal_rcc_ex.o
 .comment       0x00000043       0x44 ./Drivers/STM32G0xx_HAL_Driver/Src/stm32g0xx_hal_spi.o
 .comment       0x00000043       0x44 ./Drivers/STM32G0xx_HAL_Driver/Src/stm32g0xx_hal_uart.o

.debug_frame    0x00000000     0x39d4
 .debug_frame   0x00000000       0x90 ./Core/Src/Dot.o
 .debug_frame   0x00000090       0x90 ./Core/Src/LedDriver.o
 .debug_frame   0x00000120       0x70 ./Core/Src/Matrix.o
 .debug_frame   0x00000190      0x198 ./Core/Src/main.o
 .debug_frame   0x00000328       0xf0 ./Core/Src/stm32g0xx_hal_msp.o
 .debug_frame   0x00000418       0xb8 ./Core/Src/stm32g0xx_it.o
 .debug_frame   0x000004d0      0x244 ./Core/Src/syscalls.o
 .debug_frame   0x00000714       0x30 ./Core/Src/sysmem.o
 .debug_frame   0x00000744       0x4c ./Core/Src/system_stm32g0xx.o
 .debug_frame   0x00000790      0x360 ./Drivers/STM32G0xx_HAL_Driver/Src/stm32g0xx_hal.o
 .debug_frame   0x00000af0      0x33c ./Drivers/STM32G0xx_HAL_Driver/Src/stm32g0xx_hal_cortex.o
 .debug_frame   0x00000e2c      0x1f0 ./Drivers/STM32G0xx_HAL_Driver/Src/stm32g0xx_hal_dma.o
 .debug_frame   0x0000101c      0x130 ./Drivers/STM32G0xx_HAL_Driver/Src/stm32g0xx_hal_gpio.o
 .debug_frame   0x0000114c      0xa68 ./Drivers/STM32G0xx_HAL_Driver/Src/stm32g0xx_hal_i2c.o
 .debug_frame   0x00001bb4       0xd0 ./Drivers/STM32G0xx_HAL_Driver/Src/stm32g0xx_hal_i2c_ex.o
 .debug_frame   0x00001c84      0x1f4 ./Drivers/STM32G0xx_HAL_Driver/Src/stm32g0xx_hal_pwr_ex.o
 .debug_frame   0x00001e78      0x214 ./Drivers/STM32G0xx_HAL_Driver/Src/stm32g0xx_hal_rcc.o
 .debug_frame   0x0000208c       0xb0 ./Drivers/STM32G0xx_HAL_Driver/Src/stm32g0xx_hal_rcc_ex.o
 .debug_frame   0x0000213c      0x710 ./Drivers/STM32G0xx_HAL_Driver/Src/stm32g0xx_hal_spi.o
 .debug_frame   0x0000284c      0x8d4 ./Drivers/STM32G0xx_HAL_Driver/Src/stm32g0xx_hal_uart.o
 .debug_frame   0x00003120       0x40 E:/Programy/STM32CubeIDE_1.13.2/STM32CubeIDE/plugins/com.st.stm32cube.ide.mcu.externaltools.gnu-tools-for-stm32.12.3.rel1.win32_1.0.100.202403111256/tools/bin/../lib/gcc/arm-none-eabi/12.3.1/../../../../arm-none-eabi/lib/thumb/v6-m/nofp\libc_nano.a(libc_a-atoi.o)
 .debug_frame   0x00003160       0x78 E:/Programy/STM32CubeIDE_1.13.2/STM32CubeIDE/plugins/com.st.stm32cube.ide.mcu.externaltools.gnu-tools-for-stm32.12.3.rel1.win32_1.0.100.202403111256/tools/bin/../lib/gcc/arm-none-eabi/12.3.1/../../../../arm-none-eabi/lib/thumb/v6-m/nofp\libc_nano.a(libc_a-strtol.o)
 .debug_frame   0x000031d8      0x138 E:/Programy/STM32CubeIDE_1.13.2/STM32CubeIDE/plugins/com.st.stm32cube.ide.mcu.externaltools.gnu-tools-for-stm32.12.3.rel1.win32_1.0.100.202403111256/tools/bin/../lib/gcc/arm-none-eabi/12.3.1/../../../../arm-none-eabi/lib/thumb/v6-m/nofp\libc_nano.a(libc_a-findfp.o)